<?xml version="1.0" encoding="ISO-8859-1" ?>
<link_info>
   <banner>TI ARM Linker PC v20.2.7.LTS</banner>
   <copyright>Copyright (c) 1996-2018 Texas Instruments Incorporated</copyright>
   <link_time>0x63f4595c</link_time>
   <link_errors>0x0</link_errors>
   <output_file>god_help.out</output_file>
   <entry_point>
      <name>_c_int00_noargs</name>
      <address>0x4d85</address>
   </entry_point>
   <input_file_list>
      <input_file id="fl-2">
         <path>.\</path>
         <kind>object</kind>
         <file>csHFX.obj</file>
         <name>csHFX.obj</name>
      </input_file>
      <input_file id="fl-3">
         <path>.\</path>
         <kind>object</kind>
         <file>csLFXT.obj</file>
         <name>csLFXT.obj</name>
      </input_file>
      <input_file id="fl-4">
         <path>.\</path>
         <kind>object</kind>
         <file>keypad.obj</file>
         <name>keypad.obj</name>
      </input_file>
      <input_file id="fl-5">
         <path>.\</path>
         <kind>object</kind>
         <file>main.obj</file>
         <name>main.obj</name>
      </input_file>
      <input_file id="fl-6">
         <path>.\</path>
         <kind>object</kind>
         <file>rgbLED.obj</file>
         <name>rgbLED.obj</name>
      </input_file>
      <input_file id="fl-7">
         <path>.\</path>
         <kind>object</kind>
         <file>sha1.obj</file>
         <name>sha1.obj</name>
      </input_file>
      <input_file id="fl-8">
         <path>.\</path>
         <kind>object</kind>
         <file>startup_msp432p4111_ccs.obj</file>
         <name>startup_msp432p4111_ccs.obj</name>
      </input_file>
      <input_file id="fl-9">
         <path>.\</path>
         <kind>object</kind>
         <file>system_msp432p4111.obj</file>
         <name>system_msp432p4111.obj</name>
      </input_file>
      <input_file id="fl-a">
         <path>.\</path>
         <kind>object</kind>
         <file>uart.obj</file>
         <name>uart.obj</name>
      </input_file>
      <input_file id="fl-e">
         <kind>object</kind>
         <file>&lt;internal&gt;</file>
         <name>&lt;internal&gt;</name>
      </input_file>
      <input_file id="fl-c4">
         <path>C:\ti\ccs1220\ccs\tools\compiler\ti-cgt-arm_20.2.7.LTS\lib\</path>
         <kind>archive</kind>
         <file>rtsv7M4_T_le_v4SPD16_eabi.lib</file>
         <name>sprintf.c.obj</name>
      </input_file>
      <input_file id="fl-c5">
         <path>C:\ti\ccs1220\ccs\tools\compiler\ti-cgt-arm_20.2.7.LTS\lib\</path>
         <kind>archive</kind>
         <file>rtsv7M4_T_le_v4SPD16_eabi.lib</file>
         <name>memcpy_t2.asm.obj</name>
      </input_file>
      <input_file id="fl-c6">
         <path>C:\ti\ccs1220\ccs\tools\compiler\ti-cgt-arm_20.2.7.LTS\lib\</path>
         <kind>archive</kind>
         <file>rtsv7M4_T_le_v4SPD16_eabi.lib</file>
         <name>memset_t2.asm.obj</name>
      </input_file>
      <input_file id="fl-c7">
         <path>C:\ti\ccs1220\ccs\tools\compiler\ti-cgt-arm_20.2.7.LTS\lib\</path>
         <kind>archive</kind>
         <file>rtsv7M4_T_le_v4SPD16_eabi.lib</file>
         <name>copy_zero_init.c.obj</name>
      </input_file>
      <input_file id="fl-c8">
         <path>C:\ti\ccs1220\ccs\tools\compiler\ti-cgt-arm_20.2.7.LTS\lib\</path>
         <kind>archive</kind>
         <file>rtsv7M4_T_le_v4SPD16_eabi.lib</file>
         <name>copy_decompress_none.c.obj</name>
      </input_file>
      <input_file id="fl-c9">
         <path>C:\ti\ccs1220\ccs\tools\compiler\ti-cgt-arm_20.2.7.LTS\lib\</path>
         <kind>archive</kind>
         <file>rtsv7M4_T_le_v4SPD16_eabi.lib</file>
         <name>copy_decompress_lzss.c.obj</name>
      </input_file>
      <input_file id="fl-ca">
         <path>C:\ti\ccs1220\ccs\tools\compiler\ti-cgt-arm_20.2.7.LTS\lib\</path>
         <kind>archive</kind>
         <file>rtsv7M4_T_le_v4SPD16_eabi.lib</file>
         <name>memory.c.obj</name>
      </input_file>
      <input_file id="fl-cb">
         <path>C:\ti\ccs1220\ccs\tools\compiler\ti-cgt-arm_20.2.7.LTS\lib\</path>
         <kind>archive</kind>
         <file>rtsv7M4_T_le_v4SPD16_eabi.lib</file>
         <name>boot_cortex_m.c.obj</name>
      </input_file>
      <input_file id="fl-cc">
         <path>C:\ti\ccs1220\ccs\tools\compiler\ti-cgt-arm_20.2.7.LTS\lib\</path>
         <kind>archive</kind>
         <file>rtsv7M4_T_le_v4SPD16_eabi.lib</file>
         <name>_printfi.c.obj</name>
      </input_file>
      <input_file id="fl-cd">
         <path>C:\ti\ccs1220\ccs\tools\compiler\ti-cgt-arm_20.2.7.LTS\lib\</path>
         <kind>archive</kind>
         <file>rtsv7M4_T_le_v4SPD16_eabi.lib</file>
         <name>fd_add_t2.asm.obj</name>
      </input_file>
      <input_file id="fl-ce">
         <path>C:\ti\ccs1220\ccs\tools\compiler\ti-cgt-arm_20.2.7.LTS\lib\</path>
         <kind>archive</kind>
         <file>rtsv7M4_T_le_v4SPD16_eabi.lib</file>
         <name>fd_cmp_t2.asm.obj</name>
      </input_file>
      <input_file id="fl-cf">
         <path>C:\ti\ccs1220\ccs\tools\compiler\ti-cgt-arm_20.2.7.LTS\lib\</path>
         <kind>archive</kind>
         <file>rtsv7M4_T_le_v4SPD16_eabi.lib</file>
         <name>fd_div_t2.asm.obj</name>
      </input_file>
      <input_file id="fl-d0">
         <path>C:\ti\ccs1220\ccs\tools\compiler\ti-cgt-arm_20.2.7.LTS\lib\</path>
         <kind>archive</kind>
         <file>rtsv7M4_T_le_v4SPD16_eabi.lib</file>
         <name>fd_mul_t2.asm.obj</name>
      </input_file>
      <input_file id="fl-d1">
         <path>C:\ti\ccs1220\ccs\tools\compiler\ti-cgt-arm_20.2.7.LTS\lib\</path>
         <kind>archive</kind>
         <file>rtsv7M4_T_le_v4SPD16_eabi.lib</file>
         <name>fd_toi_t2.asm.obj</name>
      </input_file>
      <input_file id="fl-d2">
         <path>C:\ti\ccs1220\ccs\tools\compiler\ti-cgt-arm_20.2.7.LTS\lib\</path>
         <kind>archive</kind>
         <file>rtsv7M4_T_le_v4SPD16_eabi.lib</file>
         <name>i_tofd_t2.asm.obj</name>
      </input_file>
      <input_file id="fl-d3">
         <path>C:\ti\ccs1220\ccs\tools\compiler\ti-cgt-arm_20.2.7.LTS\lib\</path>
         <kind>archive</kind>
         <file>rtsv7M4_T_le_v4SPD16_eabi.lib</file>
         <name>ull_div_t2.asm.obj</name>
      </input_file>
      <input_file id="fl-d4">
         <path>C:\ti\ccs1220\ccs\tools\compiler\ti-cgt-arm_20.2.7.LTS\lib\</path>
         <kind>archive</kind>
         <file>rtsv7M4_T_le_v4SPD16_eabi.lib</file>
         <name>autoinit.c.obj</name>
      </input_file>
      <input_file id="fl-d5">
         <path>C:\ti\ccs1220\ccs\tools\compiler\ti-cgt-arm_20.2.7.LTS\lib\</path>
         <kind>archive</kind>
         <file>rtsv7M4_T_le_v4SPD16_eabi.lib</file>
         <name>pre_init.c.obj</name>
      </input_file>
      <input_file id="fl-d6">
         <path>C:\ti\ccs1220\ccs\tools\compiler\ti-cgt-arm_20.2.7.LTS\lib\</path>
         <kind>archive</kind>
         <file>rtsv7M4_T_le_v4SPD16_eabi.lib</file>
         <name>cpy_tbl.c.obj</name>
      </input_file>
      <input_file id="fl-d7">
         <path>C:\ti\ccs1220\ccs\tools\compiler\ti-cgt-arm_20.2.7.LTS\lib\</path>
         <kind>archive</kind>
         <file>rtsv7M4_T_le_v4SPD16_eabi.lib</file>
         <name>exit.c.obj</name>
      </input_file>
      <input_file id="fl-d8">
         <path>C:\ti\ccs1220\ccs\tools\compiler\ti-cgt-arm_20.2.7.LTS\lib\</path>
         <kind>archive</kind>
         <file>rtsv7M4_T_le_v4SPD16_eabi.lib</file>
         <name>_lock.c.obj</name>
      </input_file>
      <input_file id="fl-d9">
         <path>C:\ti\ccs1220\ccs\tools\compiler\ti-cgt-arm_20.2.7.LTS\lib\</path>
         <kind>archive</kind>
         <file>rtsv7M4_T_le_v4SPD16_eabi.lib</file>
         <name>_ltoa.c.obj</name>
      </input_file>
      <input_file id="fl-da">
         <path>C:\ti\ccs1220\ccs\tools\compiler\ti-cgt-arm_20.2.7.LTS\lib\</path>
         <kind>archive</kind>
         <file>rtsv7M4_T_le_v4SPD16_eabi.lib</file>
         <name>args_main.c.obj</name>
      </input_file>
      <input_file id="fl-db">
         <path>C:\ti\ccs1220\ccs\tools\compiler\ti-cgt-arm_20.2.7.LTS\lib\</path>
         <kind>archive</kind>
         <file>rtsv7M4_T_le_v4SPD16_eabi.lib</file>
         <name>atoi.c.obj</name>
      </input_file>
      <input_file id="fl-dc">
         <path>C:\ti\ccs1220\ccs\tools\compiler\ti-cgt-arm_20.2.7.LTS\lib\</path>
         <kind>archive</kind>
         <file>rtsv7M4_T_le_v4SPD16_eabi.lib</file>
         <name>ctype.c.obj</name>
      </input_file>
      <input_file id="fl-dd">
         <path>C:\ti\ccs1220\ccs\tools\compiler\ti-cgt-arm_20.2.7.LTS\lib\</path>
         <kind>archive</kind>
         <file>rtsv7M4_T_le_v4SPD16_eabi.lib</file>
         <name>memccpy.c.obj</name>
      </input_file>
      <input_file id="fl-de">
         <path>C:\ti\ccs1220\ccs\tools\compiler\ti-cgt-arm_20.2.7.LTS\lib\</path>
         <kind>archive</kind>
         <file>rtsv7M4_T_le_v4SPD16_eabi.lib</file>
         <name>strchr.c.obj</name>
      </input_file>
      <input_file id="fl-df">
         <path>C:\ti\ccs1220\ccs\tools\compiler\ti-cgt-arm_20.2.7.LTS\lib\</path>
         <kind>archive</kind>
         <file>rtsv7M4_T_le_v4SPD16_eabi.lib</file>
         <name>strlen.c.obj</name>
      </input_file>
      <input_file id="fl-e0">
         <path>C:\ti\ccs1220\ccs\tools\compiler\ti-cgt-arm_20.2.7.LTS\lib\</path>
         <kind>archive</kind>
         <file>rtsv7M4_T_le_v4SPD16_eabi.lib</file>
         <name>errno.c.obj</name>
      </input_file>
      <input_file id="fl-e1">
         <path>C:\ti\ccs1220\ccs\tools\compiler\ti-cgt-arm_20.2.7.LTS\lib\</path>
         <kind>archive</kind>
         <file>rtsv7M4_T_le_v4SPD16_eabi.lib</file>
         <name>wcslen.c.obj</name>
      </input_file>
      <input_file id="fl-e2">
         <path>C:\ti\ccs1220\ccs\tools\compiler\ti-cgt-arm_20.2.7.LTS\lib\</path>
         <kind>archive</kind>
         <file>rtsv7M4_T_le_v4SPD16_eabi.lib</file>
         <name>s_frexp.c.obj</name>
      </input_file>
      <input_file id="fl-e3">
         <path>C:\ti\ccs1220\ccs\tools\compiler\ti-cgt-arm_20.2.7.LTS\lib\</path>
         <kind>archive</kind>
         <file>rtsv7M4_T_le_v4SPD16_eabi.lib</file>
         <name>s_scalbn.c.obj</name>
      </input_file>
      <input_file id="fl-e4">
         <path>C:\ti\ccs1220\ccs\tools\compiler\ti-cgt-arm_20.2.7.LTS\lib\</path>
         <kind>archive</kind>
         <file>rtsv7M4_T_le_v4SPD16_eabi.lib</file>
         <name>div0.asm.obj</name>
      </input_file>
      <input_file id="fl-e5">
         <path>C:\ti\ccs1220\ccs\tools\compiler\ti-cgt-arm_20.2.7.LTS\lib\</path>
         <kind>archive</kind>
         <file>rtsv7M4_T_le_v4SPD16_eabi.lib</file>
         <name>s_copysign.c.obj</name>
      </input_file>
   </input_file_list>
   <object_component_list>
      <object_component id="oc-26">
         <name>.intvecs:retain</name>
         <load_address>0x0</load_address>
         <run_address>0x0</run_address>
         <size>0xe8</size>
         <input_file_ref idref="fl-8"/>
      </object_component>
      <object_component id="oc-d8">
         <name>.text</name>
         <load_address>0xe8</load_address>
         <run_address>0xe8</run_address>
         <size>0x1780</size>
         <input_file_ref idref="fl-7"/>
      </object_component>
      <object_component id="oc-70">
         <name>.text</name>
         <load_address>0x1868</load_address>
         <run_address>0x1868</run_address>
         <size>0xce0</size>
         <input_file_ref idref="fl-5"/>
      </object_component>
      <object_component id="oc-195">
         <name>.text:__TI_printfi</name>
         <load_address>0x2548</load_address>
         <run_address>0x2548</run_address>
         <size>0xa4e</size>
         <input_file_ref idref="fl-cc"/>
      </object_component>
      <object_component id="oc-279">
         <name>.text:_nop</name>
         <load_address>0x2f96</load_address>
         <run_address>0x2f96</run_address>
         <size>0x2</size>
         <input_file_ref idref="fl-d8"/>
      </object_component>
      <object_component id="oc-76">
         <name>.text</name>
         <load_address>0x2f98</load_address>
         <run_address>0x2f98</run_address>
         <size>0x390</size>
         <input_file_ref idref="fl-a"/>
      </object_component>
      <object_component id="oc-b2">
         <name>.text</name>
         <load_address>0x3328</load_address>
         <run_address>0x3328</run_address>
         <size>0x350</size>
         <input_file_ref idref="fl-9"/>
      </object_component>
      <object_component id="oc-223">
         <name>.text:_pconv_a</name>
         <load_address>0x3678</load_address>
         <run_address>0x3678</run_address>
         <size>0x270</size>
         <input_file_ref idref="fl-cc"/>
      </object_component>
      <object_component id="oc-211">
         <name>.text:_pconv_g</name>
         <load_address>0x38e8</load_address>
         <run_address>0x38e8</run_address>
         <size>0x1d0</size>
         <input_file_ref idref="fl-cc"/>
      </object_component>
      <object_component id="oc-2c5">
         <name>.text</name>
         <load_address>0x3ab8</load_address>
         <run_address>0x3ab8</run_address>
         <size>0x1b6</size>
         <input_file_ref idref="fl-cd"/>
      </object_component>
      <object_component id="oc-334">
         <name>.text</name>
         <load_address>0x3c6e</load_address>
         <run_address>0x3c6e</run_address>
         <size>0x2</size>
         <input_file_ref idref="fl-e4"/>
      </object_component>
      <object_component id="oc-21d">
         <name>.text:_pconv_e</name>
         <load_address>0x3c70</load_address>
         <run_address>0x3c70</run_address>
         <size>0x13c</size>
         <input_file_ref idref="fl-cc"/>
      </object_component>
      <object_component id="oc-2ab">
         <name>.text</name>
         <load_address>0x3dac</load_address>
         <run_address>0x3dac</run_address>
         <size>0x136</size>
         <input_file_ref idref="fl-cf"/>
      </object_component>
      <object_component id="oc-2d7">
         <name>.text:fcvt</name>
         <load_address>0x3ee4</load_address>
         <run_address>0x3ee4</run_address>
         <size>0x124</size>
         <input_file_ref idref="fl-cc"/>
      </object_component>
      <object_component id="oc-2eb">
         <name>.text:scalbn</name>
         <load_address>0x4008</load_address>
         <run_address>0x4008</run_address>
         <size>0x110</size>
         <input_file_ref idref="fl-e3"/>
      </object_component>
      <object_component id="oc-1bd">
         <name>.text:aligned_alloc</name>
         <load_address>0x4118</load_address>
         <run_address>0x4118</run_address>
         <size>0x100</size>
         <input_file_ref idref="fl-ca"/>
      </object_component>
      <object_component id="oc-e0">
         <name>.text</name>
         <load_address>0x4218</load_address>
         <run_address>0x4218</run_address>
         <size>0xfc</size>
         <input_file_ref idref="fl-4"/>
      </object_component>
      <object_component id="oc-2a6">
         <name>.text</name>
         <load_address>0x4314</load_address>
         <run_address>0x4314</run_address>
         <size>0xfc</size>
         <input_file_ref idref="fl-d0"/>
      </object_component>
      <object_component id="oc-c4">
         <name>.text</name>
         <load_address>0x4410</load_address>
         <run_address>0x4410</run_address>
         <size>0xec</size>
         <input_file_ref idref="fl-2"/>
      </object_component>
      <object_component id="oc-206">
         <name>.text:_ltostr</name>
         <load_address>0x44fc</load_address>
         <run_address>0x44fc</run_address>
         <size>0xb1</size>
         <input_file_ref idref="fl-cc"/>
      </object_component>
      <object_component id="oc-e6">
         <name>.text</name>
         <load_address>0x45b0</load_address>
         <run_address>0x45b0</run_address>
         <size>0xac</size>
         <input_file_ref idref="fl-6"/>
      </object_component>
      <object_component id="oc-3a">
         <name>.text</name>
         <load_address>0x465c</load_address>
         <run_address>0x465c</run_address>
         <size>0x9c</size>
         <input_file_ref idref="fl-c5"/>
      </object_component>
      <object_component id="oc-29f">
         <name>.text</name>
         <load_address>0x46f8</load_address>
         <run_address>0x46f8</run_address>
         <size>0x96</size>
         <input_file_ref idref="fl-d3"/>
      </object_component>
      <object_component id="oc-20c">
         <name>.text:__aeabi_cdcmple</name>
         <load_address>0x478e</load_address>
         <run_address>0x478e</run_address>
         <size>0x86</size>
         <input_file_ref idref="fl-ce"/>
      </object_component>
      <object_component id="oc-2b0">
         <name>.text:__aeabi_cdrcmple</name>
         <load_address>0x4814</load_address>
         <run_address>0x4814</run_address>
         <size>0x86</size>
         <input_file_ref idref="fl-ce"/>
      </object_component>
      <object_component id="oc-9a">
         <name>.text</name>
         <load_address>0x489a</load_address>
         <run_address>0x489a</run_address>
         <size>0x7a</size>
         <input_file_ref idref="fl-c6"/>
      </object_component>
      <object_component id="oc-be">
         <name>.text</name>
         <load_address>0x4914</load_address>
         <run_address>0x4914</run_address>
         <size>0x70</size>
         <input_file_ref idref="fl-3"/>
      </object_component>
      <object_component id="oc-266">
         <name>.text:split</name>
         <load_address>0x4984</load_address>
         <run_address>0x4984</run_address>
         <size>0x70</size>
         <input_file_ref idref="fl-ca"/>
      </object_component>
      <object_component id="oc-2d0">
         <name>.text:_mcpy</name>
         <load_address>0x49f4</load_address>
         <run_address>0x49f4</run_address>
         <size>0x6e</size>
         <input_file_ref idref="fl-cc"/>
      </object_component>
      <object_component id="oc-17">
         <name>.text:decompress:lzss:__TI_decompress_lzss</name>
         <load_address>0x4a62</load_address>
         <run_address>0x4a62</run_address>
         <size>0x68</size>
         <input_file_ref idref="fl-c9"/>
      </object_component>
      <object_component id="oc-2e5">
         <name>.text:frexp</name>
         <load_address>0x4acc</load_address>
         <run_address>0x4acc</run_address>
         <size>0x64</size>
         <input_file_ref idref="fl-e2"/>
      </object_component>
      <object_component id="oc-217">
         <name>.text:_pconv_f</name>
         <load_address>0x4b30</load_address>
         <run_address>0x4b30</run_address>
         <size>0x56</size>
         <input_file_ref idref="fl-cc"/>
      </object_component>
      <object_component id="oc-2ba">
         <name>.text:__TI_ltoa</name>
         <load_address>0x4b86</load_address>
         <run_address>0x4b86</run_address>
         <size>0x54</size>
         <input_file_ref idref="fl-d9"/>
      </object_component>
      <object_component id="oc-2ca">
         <name>.text:_ecpy</name>
         <load_address>0x4bda</load_address>
         <run_address>0x4bda</run_address>
         <size>0x52</size>
         <input_file_ref idref="fl-cc"/>
      </object_component>
      <object_component id="oc-200">
         <name>.text:atoi</name>
         <load_address>0x4c2c</load_address>
         <run_address>0x4c2c</run_address>
         <size>0x4c</size>
         <input_file_ref idref="fl-db"/>
      </object_component>
      <object_component id="oc-2b5">
         <name>.text</name>
         <load_address>0x4c78</load_address>
         <run_address>0x4c78</run_address>
         <size>0x48</size>
         <input_file_ref idref="fl-d1"/>
      </object_component>
      <object_component id="oc-142">
         <name>.text:__TI_auto_init_nobinit_nopinit:__TI_auto_init_nobinit_nopinit</name>
         <load_address>0x4cc0</load_address>
         <run_address>0x4cc0</run_address>
         <size>0x44</size>
         <input_file_ref idref="fl-d4"/>
      </object_component>
      <object_component id="oc-ca">
         <name>.text:sprintf</name>
         <load_address>0x4d04</load_address>
         <run_address>0x4d04</run_address>
         <size>0x40</size>
         <input_file_ref idref="fl-c4"/>
      </object_component>
      <object_component id="oc-2dd">
         <name>.text:_fcpy</name>
         <load_address>0x4d44</load_address>
         <run_address>0x4d44</run_address>
         <size>0x3e</size>
         <input_file_ref idref="fl-cc"/>
      </object_component>
      <object_component id="oc-58">
         <name>.text:_c_int00_noargs:_c_int00_noargs</name>
         <load_address>0x4d84</load_address>
         <run_address>0x4d84</run_address>
         <size>0x34</size>
         <input_file_ref idref="fl-cb"/>
      </object_component>
      <object_component id="oc-2c0">
         <name>.text</name>
         <load_address>0x4db8</load_address>
         <run_address>0x4db8</run_address>
         <size>0x2e</size>
         <input_file_ref idref="fl-d2"/>
      </object_component>
      <object_component id="oc-260">
         <name>.text:free_list_insert</name>
         <load_address>0x4de8</load_address>
         <run_address>0x4de8</run_address>
         <size>0x28</size>
         <input_file_ref idref="fl-ca"/>
      </object_component>
      <object_component id="oc-46">
         <name>.text:decompress:ZI:__TI_zero_init_nomemset:__TI_zero_init_nomemset</name>
         <load_address>0x4e10</load_address>
         <run_address>0x4e10</run_address>
         <size>0x1c</size>
         <input_file_ref idref="fl-c7"/>
      </object_component>
      <object_component id="oc-25a">
         <name>.text:free_list_remove</name>
         <load_address>0x4e2c</load_address>
         <run_address>0x4e2c</run_address>
         <size>0x1c</size>
         <input_file_ref idref="fl-ca"/>
      </object_component>
      <object_component id="oc-229">
         <name>.text:memccpy</name>
         <load_address>0x4e48</load_address>
         <run_address>0x4e48</run_address>
         <size>0x1c</size>
         <input_file_ref idref="fl-dd"/>
      </object_component>
      <object_component id="oc-34d">
         <name>.text:copysign</name>
         <load_address>0x4e64</load_address>
         <run_address>0x4e64</run_address>
         <size>0x1a</size>
         <input_file_ref idref="fl-e5"/>
      </object_component>
      <object_component id="oc-19b">
         <name>.text:_outs</name>
         <load_address>0x4e7e</load_address>
         <run_address>0x4e7e</run_address>
         <size>0x18</size>
         <input_file_ref idref="fl-c4"/>
      </object_component>
      <object_component id="oc-2f1">
         <name>.text:strchr</name>
         <load_address>0x4e96</load_address>
         <run_address>0x4e96</run_address>
         <size>0x16</size>
         <input_file_ref idref="fl-de"/>
      </object_component>
      <object_component id="oc-1fa">
         <name>.text:strlen</name>
         <load_address>0x4eac</load_address>
         <run_address>0x4eac</run_address>
         <size>0x14</size>
         <input_file_ref idref="fl-df"/>
      </object_component>
      <object_component id="oc-22f">
         <name>.text:wcslen</name>
         <load_address>0x4ec0</load_address>
         <run_address>0x4ec0</run_address>
         <size>0x12</size>
         <input_file_ref idref="fl-e1"/>
      </object_component>
      <object_component id="oc-1d">
         <name>.text:decompress:none:__TI_decompress_none</name>
         <load_address>0x4ed2</load_address>
         <run_address>0x4ed2</run_address>
         <size>0xe</size>
         <input_file_ref idref="fl-c8"/>
      </object_component>
      <object_component id="oc-6a">
         <name>.text</name>
         <load_address>0x4ee0</load_address>
         <run_address>0x4ee0</run_address>
         <size>0xe</size>
         <input_file_ref idref="fl-8"/>
      </object_component>
      <object_component id="oc-1a1">
         <name>.text:_outc</name>
         <load_address>0x4eee</load_address>
         <run_address>0x4eee</run_address>
         <size>0xa</size>
         <input_file_ref idref="fl-c4"/>
      </object_component>
      <object_component id="oc-235">
         <name>.text:__aeabi_errno_addr</name>
         <load_address>0x4ef8</load_address>
         <run_address>0x4ef8</run_address>
         <size>0x8</size>
         <input_file_ref idref="fl-e0"/>
      </object_component>
      <object_component id="oc-ff">
         <name>.text:malloc</name>
         <load_address>0x4f00</load_address>
         <run_address>0x4f00</run_address>
         <size>0x8</size>
         <input_file_ref idref="fl-ca"/>
      </object_component>
      <object_component id="oc-a0">
         <name>.text:_system_pre_init</name>
         <load_address>0x4f08</load_address>
         <run_address>0x4f08</run_address>
         <size>0x4</size>
         <input_file_ref idref="fl-d5"/>
      </object_component>
      <object_component id="oc-136">
         <name>.text:abort:abort</name>
         <load_address>0x4f0c</load_address>
         <run_address>0x4f0c</run_address>
         <size>0x4</size>
         <input_file_ref idref="fl-d7"/>
      </object_component>
      <object_component id="oc-29a">
         <name>.const:.string:_ctypes_</name>
         <load_address>0x4f10</load_address>
         <run_address>0x4f10</run_address>
         <size>0x101</size>
         <input_file_ref idref="fl-dc"/>
      </object_component>
      <object_component id="oc-f3">
         <name>.const:.string:$P$T0$1</name>
         <load_address>0x5011</load_address>
         <run_address>0x5011</run_address>
         <size>0x6</size>
         <input_file_ref idref="fl-5"/>
      </object_component>
      <object_component id="oc-3ab">
         <name>.cinit..data.load</name>
         <load_address>0x5018</load_address>
         <run_address>0x5018</run_address>
         <size>0x3c</size>
      </object_component>
      <object_component id="oc-3a9">
         <name>__TI_handler_table</name>
         <load_address>0x5054</load_address>
         <run_address>0x5054</run_address>
         <size>0xc</size>
      </object_component>
      <object_component id="oc-3ac">
         <name>.cinit..bss.load</name>
         <load_address>0x5060</load_address>
         <run_address>0x5060</run_address>
         <size>0x8</size>
      </object_component>
      <object_component id="oc-3aa">
         <name>__TI_cinit_table</name>
         <load_address>0x5068</load_address>
         <run_address>0x5068</run_address>
         <size>0x10</size>
      </object_component>
      <object_component id="oc-37d">
         <name>.binit</name>
         <load_address>0x0</load_address>
         <run_address>0x0</run_address>
         <size>0x0</size>
      </object_component>
      <object_component id="oc-1b0">
         <name>.data:keypad_values</name>
         <load_address>0x200004bc</load_address>
         <run_address>0x200004bc</run_address>
         <size>0x10</size>
         <input_file_ref idref="fl-4"/>
      </object_component>
      <object_component id="oc-f6">
         <name>.data</name>
         <load_address>0x200004cc</load_address>
         <run_address>0x200004cc</run_address>
         <size>0x9</size>
         <input_file_ref idref="fl-5"/>
      </object_component>
      <object_component id="oc-ed">
         <name>.data:timereq</name>
         <load_address>0x200004ef</load_address>
         <run_address>0x200004ef</run_address>
         <size>0x7</size>
         <input_file_ref idref="fl-5"/>
      </object_component>
      <object_component id="oc-f0">
         <name>.data:rqotp</name>
         <load_address>0x200004e8</load_address>
         <run_address>0x200004e8</run_address>
         <size>0x7</size>
         <input_file_ref idref="fl-5"/>
      </object_component>
      <object_component id="oc-174">
         <name>.data</name>
         <load_address>0x200004fc</load_address>
         <run_address>0x200004fc</run_address>
         <size>0x4</size>
         <input_file_ref idref="fl-9"/>
      </object_component>
      <object_component id="oc-10f">
         <name>.data</name>
         <load_address>0x20000500</load_address>
         <run_address>0x20000500</run_address>
         <size>0x4</size>
         <input_file_ref idref="fl-a"/>
      </object_component>
      <object_component id="oc-26c">
         <name>.data:$O1$$</name>
         <load_address>0x200004e0</load_address>
         <run_address>0x200004e0</run_address>
         <size>0x8</size>
         <input_file_ref idref="fl-ca"/>
      </object_component>
      <object_component id="oc-1dc">
         <name>.data:$O1$$</name>
         <load_address>0x200004d8</load_address>
         <run_address>0x200004d8</run_address>
         <size>0x8</size>
         <input_file_ref idref="fl-d8"/>
      </object_component>
      <object_component id="oc-301">
         <name>.data</name>
         <load_address>0x200004f8</load_address>
         <run_address>0x200004f8</run_address>
         <size>0x4</size>
         <input_file_ref idref="fl-e0"/>
      </object_component>
      <object_component id="oc-105">
         <name>.common:OutBuffer</name>
         <uninitialized>true</uninitialized>
         <run_address>0x20000490</run_address>
         <size>0x4</size>
      </object_component>
      <object_component id="oc-10d">
         <name>.common:TXLength</name>
         <uninitialized>true</uninitialized>
         <run_address>0x200004ac</run_address>
         <size>0x2</size>
      </object_component>
      <object_component id="oc-108">
         <name>.common:TXSize</name>
         <uninitialized>true</uninitialized>
         <run_address>0x200004ae</run_address>
         <size>0x2</size>
      </object_component>
      <object_component id="oc-10e">
         <name>.common:TXIndex</name>
         <uninitialized>true</uninitialized>
         <run_address>0x200004aa</run_address>
         <size>0x2</size>
      </object_component>
      <object_component id="oc-109">
         <name>.common:InBuffer</name>
         <uninitialized>true</uninitialized>
         <run_address>0x2000048c</run_address>
         <size>0x4</size>
      </object_component>
      <object_component id="oc-10b">
         <name>.common:RXLength</name>
         <uninitialized>true</uninitialized>
         <run_address>0x200004a6</run_address>
         <size>0x2</size>
      </object_component>
      <object_component id="oc-10a">
         <name>.common:RXSize</name>
         <uninitialized>true</uninitialized>
         <run_address>0x200004a8</run_address>
         <size>0x2</size>
      </object_component>
      <object_component id="oc-10c">
         <name>.common:RXIndex</name>
         <uninitialized>true</uninitialized>
         <run_address>0x200004a4</run_address>
         <size>0x2</size>
      </object_component>
      <object_component id="oc-b9">
         <name>.common:otp</name>
         <uninitialized>true</uninitialized>
         <run_address>0x2000049c</run_address>
         <size>0x4</size>
      </object_component>
      <object_component id="oc-de">
         <name>.common:sha</name>
         <uninitialized>true</uninitialized>
         <run_address>0x20000400</run_address>
         <size>0x5c</size>
      </object_component>
      <object_component id="oc-bc">
         <name>.common:results</name>
         <uninitialized>true</uninitialized>
         <run_address>0x20000470</run_address>
         <size>0x14</size>
      </object_component>
      <object_component id="oc-d7">
         <name>.common:buf</name>
         <uninitialized>true</uninitialized>
         <run_address>0x2000045c</run_address>
         <size>0x14</size>
      </object_component>
      <object_component id="oc-df">
         <name>.common:recbuf</name>
         <uninitialized>true</uninitialized>
         <run_address>0x200004a0</run_address>
         <size>0x4</size>
      </object_component>
      <object_component id="oc-d6">
         <name>.common:n</name>
         <uninitialized>true</uninitialized>
         <run_address>0x20000498</run_address>
         <size>0x4</size>
      </object_component>
      <object_component id="oc-d1">
         <name>.common:seconds</name>
         <uninitialized>true</uninitialized>
         <run_address>0x200004b8</run_address>
         <size>0x2</size>
      </object_component>
      <object_component id="oc-d0">
         <name>.common:minutes</name>
         <uninitialized>true</uninitialized>
         <run_address>0x200004b4</run_address>
         <size>0x2</size>
      </object_component>
      <object_component id="oc-d2">
         <name>.common:hour</name>
         <uninitialized>true</uninitialized>
         <run_address>0x200004b2</run_address>
         <size>0x2</size>
      </object_component>
      <object_component id="oc-d4">
         <name>.common:month</name>
         <uninitialized>true</uninitialized>
         <run_address>0x200004b6</run_address>
         <size>0x2</size>
      </object_component>
      <object_component id="oc-d3">
         <name>.common:day</name>
         <uninitialized>true</uninitialized>
         <run_address>0x200004b0</run_address>
         <size>0x2</size>
      </object_component>
      <object_component id="oc-d5">
         <name>.common:year</name>
         <uninitialized>true</uninitialized>
         <run_address>0x200004ba</run_address>
         <size>0x2</size>
      </object_component>
      <object_component id="oc-bd">
         <name>.common:key</name>
         <uninitialized>true</uninitialized>
         <run_address>0x20000494</run_address>
         <size>0x4</size>
      </object_component>
      <object_component id="oc-ec">
         <name>.common:request</name>
         <uninitialized>true</uninitialized>
         <run_address>0x20000484</run_address>
         <size>0x8</size>
      </object_component>
      <object_component id="oc-29">
         <name>.sysmem</name>
         <uninitialized>true</uninitialized>
         <run_address>0x20000000</run_address>
         <size>0x10</size>
         <input_file_ref idref="fl-ca"/>
      </object_component>
      <object_component id="oc-3af">
         <name>.sysmem</name>
         <uninitialized>true</uninitialized>
         <run_address>0x20000000</run_address>
         <size>0x0</size>
      </object_component>
      <object_component id="oc-2c">
         <name>.stack</name>
         <uninitialized>true</uninitialized>
         <run_address>0x2003fe00</run_address>
         <size>0x4</size>
         <input_file_ref idref="fl-cb"/>
      </object_component>
      <object_component id="oc-3ae">
         <name>.stack</name>
         <uninitialized>true</uninitialized>
         <run_address>0x2003fe00</run_address>
         <size>0x0</size>
      </object_component>
      <object_component id="oc-1d7">
         <name>.debug_info</name>
         <load_address>0x0</load_address>
         <run_address>0x0</run_address>
         <size>0x574</size>
         <input_file_ref idref="fl-2"/>
      </object_component>
      <object_component id="oc-c6">
         <name>.debug_info</name>
         <load_address>0x574</load_address>
         <run_address>0x574</run_address>
         <size>0x161</size>
         <input_file_ref idref="fl-2"/>
      </object_component>
      <object_component id="oc-272">
         <name>.debug_info</name>
         <load_address>0x6d5</load_address>
         <run_address>0x6d5</run_address>
         <size>0x3c27</size>
         <input_file_ref idref="fl-2"/>
      </object_component>
      <object_component id="oc-115">
         <name>.debug_info</name>
         <load_address>0x42fc</load_address>
         <run_address>0x42fc</run_address>
         <size>0x26b</size>
         <input_file_ref idref="fl-2"/>
      </object_component>
      <object_component id="oc-184">
         <name>.debug_info</name>
         <load_address>0x4567</load_address>
         <run_address>0x4567</run_address>
         <size>0x1055</size>
         <input_file_ref idref="fl-2"/>
      </object_component>
      <object_component id="oc-35">
         <name>.debug_info</name>
         <load_address>0x55bc</load_address>
         <run_address>0x55bc</run_address>
         <size>0x84</size>
         <input_file_ref idref="fl-2"/>
      </object_component>
      <object_component id="oc-1d2">
         <name>.debug_info</name>
         <load_address>0x5640</load_address>
         <run_address>0x5640</run_address>
         <size>0x2a4</size>
         <input_file_ref idref="fl-2"/>
      </object_component>
      <object_component id="oc-178">
         <name>.debug_info</name>
         <load_address>0x58e4</load_address>
         <run_address>0x58e4</run_address>
         <size>0xbb</size>
         <input_file_ref idref="fl-2"/>
      </object_component>
      <object_component id="oc-bf">
         <name>.debug_info</name>
         <load_address>0x599f</load_address>
         <run_address>0x599f</run_address>
         <size>0x118</size>
         <input_file_ref idref="fl-3"/>
      </object_component>
      <object_component id="oc-259">
         <name>.debug_info</name>
         <load_address>0x5ab7</load_address>
         <run_address>0x5ab7</run_address>
         <size>0x5a1</size>
         <input_file_ref idref="fl-4"/>
      </object_component>
      <object_component id="oc-1b1">
         <name>.debug_info</name>
         <load_address>0x6058</load_address>
         <run_address>0x6058</run_address>
         <size>0xf0</size>
         <input_file_ref idref="fl-4"/>
      </object_component>
      <object_component id="oc-e2">
         <name>.debug_info</name>
         <load_address>0x6148</load_address>
         <run_address>0x6148</run_address>
         <size>0x17f</size>
         <input_file_ref idref="fl-4"/>
      </object_component>
      <object_component id="oc-1c6">
         <name>.debug_info</name>
         <load_address>0x62c7</load_address>
         <run_address>0x62c7</run_address>
         <size>0x3c27</size>
         <input_file_ref idref="fl-4"/>
      </object_component>
      <object_component id="oc-ba">
         <name>.debug_info</name>
         <load_address>0x9eee</load_address>
         <run_address>0x9eee</run_address>
         <size>0xd4f</size>
         <input_file_ref idref="fl-5"/>
      </object_component>
      <object_component id="oc-f7">
         <name>.debug_info</name>
         <load_address>0xac3d</load_address>
         <run_address>0xac3d</run_address>
         <size>0x12c</size>
         <input_file_ref idref="fl-5"/>
      </object_component>
      <object_component id="oc-ee">
         <name>.debug_info</name>
         <load_address>0xad69</load_address>
         <run_address>0xad69</run_address>
         <size>0xe2</size>
         <input_file_ref idref="fl-5"/>
      </object_component>
      <object_component id="oc-f1">
         <name>.debug_info</name>
         <load_address>0xae4b</load_address>
         <run_address>0xae4b</run_address>
         <size>0xde</size>
         <input_file_ref idref="fl-5"/>
      </object_component>
      <object_component id="oc-f4">
         <name>.debug_info</name>
         <load_address>0xaf29</load_address>
         <run_address>0xaf29</run_address>
         <size>0xe2</size>
         <input_file_ref idref="fl-5"/>
      </object_component>
      <object_component id="oc-73">
         <name>.debug_info</name>
         <load_address>0xb00b</load_address>
         <run_address>0xb00b</run_address>
         <size>0x773</size>
         <input_file_ref idref="fl-5"/>
      </object_component>
      <object_component id="oc-17f">
         <name>.debug_info</name>
         <load_address>0xb77e</load_address>
         <run_address>0xb77e</run_address>
         <size>0x72</size>
         <input_file_ref idref="fl-5"/>
      </object_component>
      <object_component id="oc-fa">
         <name>.debug_info</name>
         <load_address>0xb7f0</load_address>
         <run_address>0xb7f0</run_address>
         <size>0x3c27</size>
         <input_file_ref idref="fl-5"/>
      </object_component>
      <object_component id="oc-18e">
         <name>.debug_info</name>
         <load_address>0xf417</load_address>
         <run_address>0xf417</run_address>
         <size>0x82</size>
         <input_file_ref idref="fl-5"/>
      </object_component>
      <object_component id="oc-12d">
         <name>.debug_info</name>
         <load_address>0xf499</load_address>
         <run_address>0xf499</run_address>
         <size>0x2c</size>
         <input_file_ref idref="fl-5"/>
      </object_component>
      <object_component id="oc-189">
         <name>.debug_info</name>
         <load_address>0xf4c5</load_address>
         <run_address>0xf4c5</run_address>
         <size>0x35</size>
         <input_file_ref idref="fl-5"/>
      </object_component>
      <object_component id="oc-e9">
         <name>.debug_info</name>
         <load_address>0xf4fa</load_address>
         <run_address>0xf4fa</run_address>
         <size>0x2a1</size>
         <input_file_ref idref="fl-6"/>
      </object_component>
      <object_component id="oc-1af">
         <name>.debug_info</name>
         <load_address>0xf79b</load_address>
         <run_address>0xf79b</run_address>
         <size>0x323</size>
         <input_file_ref idref="fl-7"/>
      </object_component>
      <object_component id="oc-d9">
         <name>.debug_info</name>
         <load_address>0xfabe</load_address>
         <run_address>0xfabe</run_address>
         <size>0x583</size>
         <input_file_ref idref="fl-7"/>
      </object_component>
      <object_component id="oc-24d">
         <name>.debug_info</name>
         <load_address>0x10041</load_address>
         <run_address>0x10041</run_address>
         <size>0x5e</size>
         <input_file_ref idref="fl-7"/>
      </object_component>
      <object_component id="oc-252">
         <name>.debug_info</name>
         <load_address>0x1009f</load_address>
         <run_address>0x1009f</run_address>
         <size>0xcc</size>
         <input_file_ref idref="fl-7"/>
      </object_component>
      <object_component id="oc-1a9">
         <name>.debug_info</name>
         <load_address>0x1016b</load_address>
         <run_address>0x1016b</run_address>
         <size>0x2c</size>
         <input_file_ref idref="fl-7"/>
      </object_component>
      <object_component id="oc-7e">
         <name>.debug_info</name>
         <load_address>0x10197</load_address>
         <run_address>0x10197</run_address>
         <size>0x2db</size>
         <input_file_ref idref="fl-8"/>
      </object_component>
      <object_component id="oc-27">
         <name>.debug_info</name>
         <load_address>0x10472</load_address>
         <run_address>0x10472</run_address>
         <size>0x107</size>
         <input_file_ref idref="fl-8"/>
      </object_component>
      <object_component id="oc-6e">
         <name>.debug_info</name>
         <load_address>0x10579</load_address>
         <run_address>0x10579</run_address>
         <size>0x1ce</size>
         <input_file_ref idref="fl-8"/>
      </object_component>
      <object_component id="oc-175">
         <name>.debug_info</name>
         <load_address>0x10747</load_address>
         <run_address>0x10747</run_address>
         <size>0x100</size>
         <input_file_ref idref="fl-9"/>
      </object_component>
      <object_component id="oc-b5">
         <name>.debug_info</name>
         <load_address>0x10847</load_address>
         <run_address>0x10847</run_address>
         <size>0x272</size>
         <input_file_ref idref="fl-9"/>
      </object_component>
      <object_component id="oc-106">
         <name>.debug_info</name>
         <load_address>0x10ab9</load_address>
         <run_address>0x10ab9</run_address>
         <size>0x711</size>
         <input_file_ref idref="fl-a"/>
      </object_component>
      <object_component id="oc-110">
         <name>.debug_info</name>
         <load_address>0x111ca</load_address>
         <run_address>0x111ca</run_address>
         <size>0xe9</size>
         <input_file_ref idref="fl-a"/>
      </object_component>
      <object_component id="oc-7a">
         <name>.debug_info</name>
         <load_address>0x112b3</load_address>
         <run_address>0x112b3</run_address>
         <size>0x4f1</size>
         <input_file_ref idref="fl-a"/>
      </object_component>
      <object_component id="oc-1cb">
         <name>.debug_info</name>
         <load_address>0x117a4</load_address>
         <run_address>0x117a4</run_address>
         <size>0x110</size>
         <input_file_ref idref="fl-a"/>
      </object_component>
      <object_component id="oc-1a8">
         <name>.debug_info</name>
         <load_address>0x118b4</load_address>
         <run_address>0x118b4</run_address>
         <size>0x333</size>
         <input_file_ref idref="fl-c4"/>
      </object_component>
      <object_component id="oc-cc">
         <name>.debug_info</name>
         <load_address>0x11be7</load_address>
         <run_address>0x11be7</run_address>
         <size>0x1d1</size>
         <input_file_ref idref="fl-c4"/>
      </object_component>
      <object_component id="oc-19d">
         <name>.debug_info</name>
         <load_address>0x11db8</load_address>
         <run_address>0x11db8</run_address>
         <size>0x18d</size>
         <input_file_ref idref="fl-c4"/>
      </object_component>
      <object_component id="oc-1a3">
         <name>.debug_info</name>
         <load_address>0x11f45</load_address>
         <run_address>0x11f45</run_address>
         <size>0x16d</size>
         <input_file_ref idref="fl-c4"/>
      </object_component>
      <object_component id="oc-308">
         <name>.debug_info</name>
         <load_address>0x120b2</load_address>
         <run_address>0x120b2</run_address>
         <size>0x2c</size>
         <input_file_ref idref="fl-c4"/>
      </object_component>
      <object_component id="oc-3b">
         <name>.debug_info</name>
         <load_address>0x120de</load_address>
         <run_address>0x120de</run_address>
         <size>0x119</size>
         <input_file_ref idref="fl-c5"/>
      </object_component>
      <object_component id="oc-9b">
         <name>.debug_info</name>
         <load_address>0x121f7</load_address>
         <run_address>0x121f7</run_address>
         <size>0x147</size>
         <input_file_ref idref="fl-c6"/>
      </object_component>
      <object_component id="oc-99">
         <name>.debug_info</name>
         <load_address>0x1233e</load_address>
         <run_address>0x1233e</run_address>
         <size>0x2d4</size>
         <input_file_ref idref="fl-c7"/>
      </object_component>
      <object_component id="oc-49">
         <name>.debug_info</name>
         <load_address>0x12612</load_address>
         <run_address>0x12612</run_address>
         <size>0x1d2</size>
         <input_file_ref idref="fl-c7"/>
      </object_component>
      <object_component id="oc-94">
         <name>.debug_info</name>
         <load_address>0x127e4</load_address>
         <run_address>0x127e4</run_address>
         <size>0x46</size>
         <input_file_ref idref="fl-c7"/>
      </object_component>
      <object_component id="oc-45">
         <name>.debug_info</name>
         <load_address>0x1282a</load_address>
         <run_address>0x1282a</run_address>
         <size>0x2a8</size>
         <input_file_ref idref="fl-c8"/>
      </object_component>
      <object_component id="oc-1f">
         <name>.debug_info</name>
         <load_address>0x12ad2</load_address>
         <run_address>0x12ad2</run_address>
         <size>0x1ea</size>
         <input_file_ref idref="fl-c8"/>
      </object_component>
      <object_component id="oc-40">
         <name>.debug_info</name>
         <load_address>0x12cbc</load_address>
         <run_address>0x12cbc</run_address>
         <size>0x46</size>
         <input_file_ref idref="fl-c8"/>
      </object_component>
      <object_component id="oc-8c">
         <name>.debug_info</name>
         <load_address>0x12d02</load_address>
         <run_address>0x12d02</run_address>
         <size>0x2c</size>
         <input_file_ref idref="fl-c8"/>
      </object_component>
      <object_component id="oc-8a">
         <name>.debug_info</name>
         <load_address>0x12d2e</load_address>
         <run_address>0x12d2e</run_address>
         <size>0x29e</size>
         <input_file_ref idref="fl-c9"/>
      </object_component>
      <object_component id="oc-19">
         <name>.debug_info</name>
         <load_address>0x12fcc</load_address>
         <run_address>0x12fcc</run_address>
         <size>0x250</size>
         <input_file_ref idref="fl-c9"/>
      </object_component>
      <object_component id="oc-30">
         <name>.debug_info</name>
         <load_address>0x1321c</load_address>
         <run_address>0x1321c</run_address>
         <size>0x60</size>
         <input_file_ref idref="fl-c9"/>
      </object_component>
      <object_component id="oc-126">
         <name>.debug_info</name>
         <load_address>0x1327c</load_address>
         <run_address>0x1327c</run_address>
         <size>0x46</size>
         <input_file_ref idref="fl-c9"/>
      </object_component>
      <object_component id="oc-85">
         <name>.debug_info</name>
         <load_address>0x132c2</load_address>
         <run_address>0x132c2</run_address>
         <size>0x39</size>
         <input_file_ref idref="fl-c9"/>
      </object_component>
      <object_component id="oc-81">
         <name>.debug_info</name>
         <load_address>0x132fb</load_address>
         <run_address>0x132fb</run_address>
         <size>0x3b2</size>
         <input_file_ref idref="fl-ca"/>
      </object_component>
      <object_component id="oc-2a">
         <name>.debug_info</name>
         <load_address>0x136ad</load_address>
         <run_address>0x136ad</run_address>
         <size>0x10c</size>
         <input_file_ref idref="fl-ca"/>
      </object_component>
      <object_component id="oc-26d">
         <name>.debug_info</name>
         <load_address>0x137b9</load_address>
         <run_address>0x137b9</run_address>
         <size>0x13f</size>
         <input_file_ref idref="fl-ca"/>
      </object_component>
      <object_component id="oc-102">
         <name>.debug_info</name>
         <load_address>0x138f8</load_address>
         <run_address>0x138f8</run_address>
         <size>0x168</size>
         <input_file_ref idref="fl-ca"/>
      </object_component>
      <object_component id="oc-25d">
         <name>.debug_info</name>
         <load_address>0x13a60</load_address>
         <run_address>0x13a60</run_address>
         <size>0x18e</size>
         <input_file_ref idref="fl-ca"/>
      </object_component>
      <object_component id="oc-262">
         <name>.debug_info</name>
         <load_address>0x13bee</load_address>
         <run_address>0x13bee</run_address>
         <size>0x19f</size>
         <input_file_ref idref="fl-ca"/>
      </object_component>
      <object_component id="oc-269">
         <name>.debug_info</name>
         <load_address>0x13d8d</load_address>
         <run_address>0x13d8d</run_address>
         <size>0x1db</size>
         <input_file_ref idref="fl-ca"/>
      </object_component>
      <object_component id="oc-1c0">
         <name>.debug_info</name>
         <load_address>0x13f68</load_address>
         <run_address>0x13f68</run_address>
         <size>0x299</size>
         <input_file_ref idref="fl-ca"/>
      </object_component>
      <object_component id="oc-121">
         <name>.debug_info</name>
         <load_address>0x14201</load_address>
         <run_address>0x14201</run_address>
         <size>0xb2</size>
         <input_file_ref idref="fl-ca"/>
      </object_component>
      <object_component id="oc-11c">
         <name>.debug_info</name>
         <load_address>0x142b3</load_address>
         <run_address>0x142b3</run_address>
         <size>0x2c</size>
         <input_file_ref idref="fl-ca"/>
      </object_component>
      <object_component id="oc-2d">
         <name>.debug_info</name>
         <load_address>0x142df</load_address>
         <run_address>0x142df</run_address>
         <size>0x10b</size>
         <input_file_ref idref="fl-cb"/>
      </object_component>
      <object_component id="oc-5c">
         <name>.debug_info</name>
         <load_address>0x143ea</load_address>
         <run_address>0x143ea</run_address>
         <size>0x1a9</size>
         <input_file_ref idref="fl-cb"/>
      </object_component>
      <object_component id="oc-23c">
         <name>.debug_info</name>
         <load_address>0x14593</load_address>
         <run_address>0x14593</run_address>
         <size>0x590</size>
         <input_file_ref idref="fl-cc"/>
      </object_component>
      <object_component id="oc-208">
         <name>.debug_info</name>
         <load_address>0x14b23</load_address>
         <run_address>0x14b23</run_address>
         <size>0x21e</size>
         <input_file_ref idref="fl-cc"/>
      </object_component>
      <object_component id="oc-2cc">
         <name>.debug_info</name>
         <load_address>0x14d41</load_address>
         <run_address>0x14d41</run_address>
         <size>0x1b3</size>
         <input_file_ref idref="fl-cc"/>
      </object_component>
      <object_component id="oc-2d2">
         <name>.debug_info</name>
         <load_address>0x14ef4</load_address>
         <run_address>0x14ef4</run_address>
         <size>0x21b</size>
         <input_file_ref idref="fl-cc"/>
      </object_component>
      <object_component id="oc-213">
         <name>.debug_info</name>
         <load_address>0x1510f</load_address>
         <run_address>0x1510f</run_address>
         <size>0x3c0</size>
         <input_file_ref idref="fl-cc"/>
      </object_component>
      <object_component id="oc-2d8">
         <name>.debug_info</name>
         <load_address>0x154cf</load_address>
         <run_address>0x154cf</run_address>
         <size>0x30a</size>
         <input_file_ref idref="fl-cc"/>
      </object_component>
      <object_component id="oc-2de">
         <name>.debug_info</name>
         <load_address>0x157d9</load_address>
         <run_address>0x157d9</run_address>
         <size>0x215</size>
         <input_file_ref idref="fl-cc"/>
      </object_component>
      <object_component id="oc-218">
         <name>.debug_info</name>
         <load_address>0x159ee</load_address>
         <run_address>0x159ee</run_address>
         <size>0x215</size>
         <input_file_ref idref="fl-cc"/>
      </object_component>
      <object_component id="oc-21e">
         <name>.debug_info</name>
         <load_address>0x15c03</load_address>
         <run_address>0x15c03</run_address>
         <size>0x304</size>
         <input_file_ref idref="fl-cc"/>
      </object_component>
      <object_component id="oc-224">
         <name>.debug_info</name>
         <load_address>0x15f07</load_address>
         <run_address>0x15f07</run_address>
         <size>0x4b5</size>
         <input_file_ref idref="fl-cc"/>
      </object_component>
      <object_component id="oc-196">
         <name>.debug_info</name>
         <load_address>0x163bc</load_address>
         <run_address>0x163bc</run_address>
         <size>0x5f4</size>
         <input_file_ref idref="fl-cc"/>
      </object_component>
      <object_component id="oc-23d">
         <name>.debug_info</name>
         <load_address>0x169b0</load_address>
         <run_address>0x169b0</run_address>
         <size>0x86</size>
         <input_file_ref idref="fl-cc"/>
      </object_component>
      <object_component id="oc-30d">
         <name>.debug_info</name>
         <load_address>0x16a36</load_address>
         <run_address>0x16a36</run_address>
         <size>0x39</size>
         <input_file_ref idref="fl-cc"/>
      </object_component>
      <object_component id="oc-364">
         <name>.debug_info</name>
         <load_address>0x16a6f</load_address>
         <run_address>0x16a6f</run_address>
         <size>0xb6</size>
         <input_file_ref idref="fl-cc"/>
      </object_component>
      <object_component id="oc-312">
         <name>.debug_info</name>
         <load_address>0x16b25</load_address>
         <run_address>0x16b25</run_address>
         <size>0x46</size>
         <input_file_ref idref="fl-cc"/>
      </object_component>
      <object_component id="oc-242">
         <name>.debug_info</name>
         <load_address>0x16b6b</load_address>
         <run_address>0x16b6b</run_address>
         <size>0x46</size>
         <input_file_ref idref="fl-cc"/>
      </object_component>
      <object_component id="oc-2c7">
         <name>.debug_info</name>
         <load_address>0x16bb1</load_address>
         <run_address>0x16bb1</run_address>
         <size>0x14c</size>
         <input_file_ref idref="fl-cd"/>
      </object_component>
      <object_component id="oc-20e">
         <name>.debug_info</name>
         <load_address>0x16cfd</load_address>
         <run_address>0x16cfd</run_address>
         <size>0x128</size>
         <input_file_ref idref="fl-ce"/>
      </object_component>
      <object_component id="oc-2b1">
         <name>.debug_info</name>
         <load_address>0x16e25</load_address>
         <run_address>0x16e25</run_address>
         <size>0x12a</size>
         <input_file_ref idref="fl-ce"/>
      </object_component>
      <object_component id="oc-2ad">
         <name>.debug_info</name>
         <load_address>0x16f4f</load_address>
         <run_address>0x16f4f</run_address>
         <size>0x13a</size>
         <input_file_ref idref="fl-cf"/>
      </object_component>
      <object_component id="oc-2a7">
         <name>.debug_info</name>
         <load_address>0x17089</load_address>
         <run_address>0x17089</run_address>
         <size>0x13a</size>
         <input_file_ref idref="fl-d0"/>
      </object_component>
      <object_component id="oc-2b6">
         <name>.debug_info</name>
         <load_address>0x171c3</load_address>
         <run_address>0x171c3</run_address>
         <size>0x12e</size>
         <input_file_ref idref="fl-d1"/>
      </object_component>
      <object_component id="oc-2c1">
         <name>.debug_info</name>
         <load_address>0x172f1</load_address>
         <run_address>0x172f1</run_address>
         <size>0x12c</size>
         <input_file_ref idref="fl-d2"/>
      </object_component>
      <object_component id="oc-2a1">
         <name>.debug_info</name>
         <load_address>0x1741d</load_address>
         <run_address>0x1741d</run_address>
         <size>0x134</size>
         <input_file_ref idref="fl-d3"/>
      </object_component>
      <object_component id="oc-1e3">
         <name>.debug_info</name>
         <load_address>0x17551</load_address>
         <run_address>0x17551</run_address>
         <size>0x4b3</size>
         <input_file_ref idref="fl-d4"/>
      </object_component>
      <object_component id="oc-145">
         <name>.debug_info</name>
         <load_address>0x17a04</load_address>
         <run_address>0x17a04</run_address>
         <size>0x1a6</size>
         <input_file_ref idref="fl-d4"/>
      </object_component>
      <object_component id="oc-287">
         <name>.debug_info</name>
         <load_address>0x17baa</load_address>
         <run_address>0x17baa</run_address>
         <size>0x39</size>
         <input_file_ref idref="fl-d4"/>
      </object_component>
      <object_component id="oc-321">
         <name>.debug_info</name>
         <load_address>0x17be3</load_address>
         <run_address>0x17be3</run_address>
         <size>0x39</size>
         <input_file_ref idref="fl-d4"/>
      </object_component>
      <object_component id="oc-28c">
         <name>.debug_info</name>
         <load_address>0x17c1c</load_address>
         <run_address>0x17c1c</run_address>
         <size>0x39</size>
         <input_file_ref idref="fl-d4"/>
      </object_component>
      <object_component id="oc-291">
         <name>.debug_info</name>
         <load_address>0x17c55</load_address>
         <run_address>0x17c55</run_address>
         <size>0xcd</size>
         <input_file_ref idref="fl-d4"/>
      </object_component>
      <object_component id="oc-a2">
         <name>.debug_info</name>
         <load_address>0x17d22</load_address>
         <run_address>0x17d22</run_address>
         <size>0x153</size>
         <input_file_ref idref="fl-d5"/>
      </object_component>
      <object_component id="oc-139">
         <name>.debug_info</name>
         <load_address>0x17e75</load_address>
         <run_address>0x17e75</run_address>
         <size>0x122</size>
         <input_file_ref idref="fl-d7"/>
      </object_component>
      <object_component id="oc-281">
         <name>.debug_info</name>
         <load_address>0x17f97</load_address>
         <run_address>0x17f97</run_address>
         <size>0x2c9</size>
         <input_file_ref idref="fl-d8"/>
      </object_component>
      <object_component id="oc-1dd">
         <name>.debug_info</name>
         <load_address>0x18260</load_address>
         <run_address>0x18260</run_address>
         <size>0x11e</size>
         <input_file_ref idref="fl-d8"/>
      </object_component>
      <object_component id="oc-27b">
         <name>.debug_info</name>
         <load_address>0x1837e</load_address>
         <run_address>0x1837e</run_address>
         <size>0x12e</size>
         <input_file_ref idref="fl-d8"/>
      </object_component>
      <object_component id="oc-33f">
         <name>.debug_info</name>
         <load_address>0x184ac</load_address>
         <run_address>0x184ac</run_address>
         <size>0x29c</size>
         <input_file_ref idref="fl-d9"/>
      </object_component>
      <object_component id="oc-2be">
         <name>.debug_info</name>
         <load_address>0x18748</load_address>
         <run_address>0x18748</run_address>
         <size>0x1da</size>
         <input_file_ref idref="fl-d9"/>
      </object_component>
      <object_component id="oc-29e">
         <name>.debug_info</name>
         <load_address>0x18922</load_address>
         <run_address>0x18922</run_address>
         <size>0x2b9</size>
         <input_file_ref idref="fl-db"/>
      </object_component>
      <object_component id="oc-203">
         <name>.debug_info</name>
         <load_address>0x18bdb</load_address>
         <run_address>0x18bdb</run_address>
         <size>0x17c</size>
         <input_file_ref idref="fl-db"/>
      </object_component>
      <object_component id="oc-331">
         <name>.debug_info</name>
         <load_address>0x18d57</load_address>
         <run_address>0x18d57</run_address>
         <size>0xf9</size>
         <input_file_ref idref="fl-dc"/>
      </object_component>
      <object_component id="oc-29b">
         <name>.debug_info</name>
         <load_address>0x18e50</load_address>
         <run_address>0x18e50</run_address>
         <size>0x105</size>
         <input_file_ref idref="fl-dc"/>
      </object_component>
      <object_component id="oc-2f9">
         <name>.debug_info</name>
         <load_address>0x18f55</load_address>
         <run_address>0x18f55</run_address>
         <size>0x2a7</size>
         <input_file_ref idref="fl-dd"/>
      </object_component>
      <object_component id="oc-22d">
         <name>.debug_info</name>
         <load_address>0x191fc</load_address>
         <run_address>0x191fc</run_address>
         <size>0x1b8</size>
         <input_file_ref idref="fl-dd"/>
      </object_component>
      <object_component id="oc-356">
         <name>.debug_info</name>
         <load_address>0x193b4</load_address>
         <run_address>0x193b4</run_address>
         <size>0x29a</size>
         <input_file_ref idref="fl-de"/>
      </object_component>
      <object_component id="oc-2f5">
         <name>.debug_info</name>
         <load_address>0x1964e</load_address>
         <run_address>0x1964e</run_address>
         <size>0x262</size>
         <input_file_ref idref="fl-de"/>
      </object_component>
      <object_component id="oc-299">
         <name>.debug_info</name>
         <load_address>0x198b0</load_address>
         <run_address>0x198b0</run_address>
         <size>0x28f</size>
         <input_file_ref idref="fl-df"/>
      </object_component>
      <object_component id="oc-1fc">
         <name>.debug_info</name>
         <load_address>0x19b3f</load_address>
         <run_address>0x19b3f</run_address>
         <size>0x245</size>
         <input_file_ref idref="fl-df"/>
      </object_component>
      <object_component id="oc-305">
         <name>.debug_info</name>
         <load_address>0x19d84</load_address>
         <run_address>0x19d84</run_address>
         <size>0x289</size>
         <input_file_ref idref="fl-e0"/>
      </object_component>
      <object_component id="oc-302">
         <name>.debug_info</name>
         <load_address>0x1a00d</load_address>
         <run_address>0x1a00d</run_address>
         <size>0x10e</size>
         <input_file_ref idref="fl-e0"/>
      </object_component>
      <object_component id="oc-236">
         <name>.debug_info</name>
         <load_address>0x1a11b</load_address>
         <run_address>0x1a11b</run_address>
         <size>0x14e</size>
         <input_file_ref idref="fl-e0"/>
      </object_component>
      <object_component id="oc-300">
         <name>.debug_info</name>
         <load_address>0x1a269</load_address>
         <run_address>0x1a269</run_address>
         <size>0x28f</size>
         <input_file_ref idref="fl-e1"/>
      </object_component>
      <object_component id="oc-231">
         <name>.debug_info</name>
         <load_address>0x1a4f8</load_address>
         <run_address>0x1a4f8</run_address>
         <size>0x15a</size>
         <input_file_ref idref="fl-e1"/>
      </object_component>
      <object_component id="oc-359">
         <name>.debug_info</name>
         <load_address>0x1a652</load_address>
         <run_address>0x1a652</run_address>
         <size>0x46</size>
         <input_file_ref idref="fl-e1"/>
      </object_component>
      <object_component id="oc-2fb">
         <name>.debug_info</name>
         <load_address>0x1a698</load_address>
         <run_address>0x1a698</run_address>
         <size>0x39</size>
         <input_file_ref idref="fl-e1"/>
      </object_component>
      <object_component id="oc-347">
         <name>.debug_info</name>
         <load_address>0x1a6d1</load_address>
         <run_address>0x1a6d1</run_address>
         <size>0x295</size>
         <input_file_ref idref="fl-e2"/>
      </object_component>
      <object_component id="oc-2e7">
         <name>.debug_info</name>
         <load_address>0x1a966</load_address>
         <run_address>0x1a966</run_address>
         <size>0x195</size>
         <input_file_ref idref="fl-e2"/>
      </object_component>
      <object_component id="oc-370">
         <name>.debug_info</name>
         <load_address>0x1aafb</load_address>
         <run_address>0x1aafb</run_address>
         <size>0x39</size>
         <input_file_ref idref="fl-e2"/>
      </object_component>
      <object_component id="oc-348">
         <name>.debug_info</name>
         <load_address>0x1ab34</load_address>
         <run_address>0x1ab34</run_address>
         <size>0x2c</size>
         <input_file_ref idref="fl-e2"/>
      </object_component>
      <object_component id="oc-354">
         <name>.debug_info</name>
         <load_address>0x1ab60</load_address>
         <run_address>0x1ab60</run_address>
         <size>0x2f8</size>
         <input_file_ref idref="fl-e3"/>
      </object_component>
      <object_component id="oc-2ed">
         <name>.debug_info</name>
         <load_address>0x1ae58</load_address>
         <run_address>0x1ae58</run_address>
         <size>0x225</size>
         <input_file_ref idref="fl-e3"/>
      </object_component>
      <object_component id="oc-337">
         <name>.debug_info</name>
         <load_address>0x1b07d</load_address>
         <run_address>0x1b07d</run_address>
         <size>0x115</size>
         <input_file_ref idref="fl-e4"/>
      </object_component>
      <object_component id="oc-34f">
         <name>.debug_info</name>
         <load_address>0x1b192</load_address>
         <run_address>0x1b192</run_address>
         <size>0x161</size>
         <input_file_ref idref="fl-e5"/>
      </object_component>
      <object_component id="oc-3b0">
         <name>.debug_info</name>
         <load_address>0x1b2f3</load_address>
         <run_address>0x1b2f3</run_address>
         <size>0xb3</size>
      </object_component>
      <object_component id="oc-271">
         <name>.debug_line</name>
         <load_address>0x0</load_address>
         <run_address>0x0</run_address>
         <size>0x20</size>
         <input_file_ref idref="fl-2"/>
      </object_component>
      <object_component id="oc-c9">
         <name>.debug_line</name>
         <load_address>0x20</load_address>
         <run_address>0x20</run_address>
         <size>0x79</size>
         <input_file_ref idref="fl-2"/>
      </object_component>
      <object_component id="oc-275">
         <name>.debug_line</name>
         <load_address>0x99</load_address>
         <run_address>0x99</run_address>
         <size>0x58</size>
         <input_file_ref idref="fl-2"/>
      </object_component>
      <object_component id="oc-118">
         <name>.debug_line</name>
         <load_address>0xf1</load_address>
         <run_address>0xf1</run_address>
         <size>0x6f</size>
         <input_file_ref idref="fl-2"/>
      </object_component>
      <object_component id="oc-187">
         <name>.debug_line</name>
         <load_address>0x160</load_address>
         <run_address>0x160</run_address>
         <size>0x5b</size>
         <input_file_ref idref="fl-2"/>
      </object_component>
      <object_component id="oc-38">
         <name>.debug_line</name>
         <load_address>0x1bb</load_address>
         <run_address>0x1bb</run_address>
         <size>0x20</size>
         <input_file_ref idref="fl-2"/>
      </object_component>
      <object_component id="oc-1d5">
         <name>.debug_line</name>
         <load_address>0x1db</load_address>
         <run_address>0x1db</run_address>
         <size>0x73</size>
         <input_file_ref idref="fl-2"/>
      </object_component>
      <object_component id="oc-17b">
         <name>.debug_line</name>
         <load_address>0x24e</load_address>
         <run_address>0x24e</run_address>
         <size>0x70</size>
         <input_file_ref idref="fl-2"/>
      </object_component>
      <object_component id="oc-c3">
         <name>.debug_line</name>
         <load_address>0x2be</load_address>
         <run_address>0x2be</run_address>
         <size>0x51</size>
         <input_file_ref idref="fl-3"/>
      </object_component>
      <object_component id="oc-318">
         <name>.debug_line</name>
         <load_address>0x30f</load_address>
         <run_address>0x30f</run_address>
         <size>0x20</size>
         <input_file_ref idref="fl-4"/>
      </object_component>
      <object_component id="oc-258">
         <name>.debug_line</name>
         <load_address>0x32f</load_address>
         <run_address>0x32f</run_address>
         <size>0x2f</size>
         <input_file_ref idref="fl-4"/>
      </object_component>
      <object_component id="oc-e5">
         <name>.debug_line</name>
         <load_address>0x35e</load_address>
         <run_address>0x35e</run_address>
         <size>0x8e</size>
         <input_file_ref idref="fl-4"/>
      </object_component>
      <object_component id="oc-1c9">
         <name>.debug_line</name>
         <load_address>0x3ec</load_address>
         <run_address>0x3ec</run_address>
         <size>0x58</size>
         <input_file_ref idref="fl-4"/>
      </object_component>
      <object_component id="oc-17e">
         <name>.debug_line</name>
         <load_address>0x444</load_address>
         <run_address>0x444</run_address>
         <size>0x74</size>
         <input_file_ref idref="fl-5"/>
      </object_component>
      <object_component id="oc-1bc">
         <name>.debug_line</name>
         <load_address>0x4b8</load_address>
         <run_address>0x4b8</run_address>
         <size>0x2d</size>
         <input_file_ref idref="fl-5"/>
      </object_component>
      <object_component id="oc-1b6">
         <name>.debug_line</name>
         <load_address>0x4e5</load_address>
         <run_address>0x4e5</run_address>
         <size>0x2d</size>
         <input_file_ref idref="fl-5"/>
      </object_component>
      <object_component id="oc-1b8">
         <name>.debug_line</name>
         <load_address>0x512</load_address>
         <run_address>0x512</run_address>
         <size>0x2d</size>
         <input_file_ref idref="fl-5"/>
      </object_component>
      <object_component id="oc-1ba">
         <name>.debug_line</name>
         <load_address>0x53f</load_address>
         <run_address>0x53f</run_address>
         <size>0x2d</size>
         <input_file_ref idref="fl-5"/>
      </object_component>
      <object_component id="oc-72">
         <name>.debug_line</name>
         <load_address>0x56c</load_address>
         <run_address>0x56c</run_address>
         <size>0x2b0</size>
         <input_file_ref idref="fl-5"/>
      </object_component>
      <object_component id="oc-182">
         <name>.debug_line</name>
         <load_address>0x81c</load_address>
         <run_address>0x81c</run_address>
         <size>0x2d</size>
         <input_file_ref idref="fl-5"/>
      </object_component>
      <object_component id="oc-fd">
         <name>.debug_line</name>
         <load_address>0x849</load_address>
         <run_address>0x849</run_address>
         <size>0x58</size>
         <input_file_ref idref="fl-5"/>
      </object_component>
      <object_component id="oc-191">
         <name>.debug_line</name>
         <load_address>0x8a1</load_address>
         <run_address>0x8a1</run_address>
         <size>0x2f</size>
         <input_file_ref idref="fl-5"/>
      </object_component>
      <object_component id="oc-130">
         <name>.debug_line</name>
         <load_address>0x8d0</load_address>
         <run_address>0x8d0</run_address>
         <size>0x6b</size>
         <input_file_ref idref="fl-5"/>
      </object_component>
      <object_component id="oc-18c">
         <name>.debug_line</name>
         <load_address>0x93b</load_address>
         <run_address>0x93b</run_address>
         <size>0x74</size>
         <input_file_ref idref="fl-5"/>
      </object_component>
      <object_component id="oc-e8">
         <name>.debug_line</name>
         <load_address>0x9af</load_address>
         <run_address>0x9af</run_address>
         <size>0xb1</size>
         <input_file_ref idref="fl-6"/>
      </object_component>
      <object_component id="oc-24c">
         <name>.debug_line</name>
         <load_address>0xa60</load_address>
         <run_address>0xa60</run_address>
         <size>0x6b</size>
         <input_file_ref idref="fl-7"/>
      </object_component>
      <object_component id="oc-dc">
         <name>.debug_line</name>
         <load_address>0xacb</load_address>
         <run_address>0xacb</run_address>
         <size>0x21f</size>
         <input_file_ref idref="fl-7"/>
      </object_component>
      <object_component id="oc-250">
         <name>.debug_line</name>
         <load_address>0xcea</load_address>
         <run_address>0xcea</run_address>
         <size>0x2d</size>
         <input_file_ref idref="fl-7"/>
      </object_component>
      <object_component id="oc-255">
         <name>.debug_line</name>
         <load_address>0xd17</load_address>
         <run_address>0xd17</run_address>
         <size>0x6a</size>
         <input_file_ref idref="fl-7"/>
      </object_component>
      <object_component id="oc-1ac">
         <name>.debug_line</name>
         <load_address>0xd81</load_address>
         <run_address>0xd81</run_address>
         <size>0x6b</size>
         <input_file_ref idref="fl-7"/>
      </object_component>
      <object_component id="oc-114">
         <name>.debug_line</name>
         <load_address>0xdec</load_address>
         <run_address>0xdec</run_address>
         <size>0x40</size>
         <input_file_ref idref="fl-8"/>
      </object_component>
      <object_component id="oc-7d">
         <name>.debug_line</name>
         <load_address>0xe2c</load_address>
         <run_address>0xe2c</run_address>
         <size>0x40</size>
         <input_file_ref idref="fl-8"/>
      </object_component>
      <object_component id="oc-6c">
         <name>.debug_line</name>
         <load_address>0xe6c</load_address>
         <run_address>0xe6c</run_address>
         <size>0x71</size>
         <input_file_ref idref="fl-8"/>
      </object_component>
      <object_component id="oc-1f9">
         <name>.debug_line</name>
         <load_address>0xedd</load_address>
         <run_address>0xedd</run_address>
         <size>0x3b</size>
         <input_file_ref idref="fl-9"/>
      </object_component>
      <object_component id="oc-b3">
         <name>.debug_line</name>
         <load_address>0xf18</load_address>
         <run_address>0xf18</run_address>
         <size>0x140</size>
         <input_file_ref idref="fl-9"/>
      </object_component>
      <object_component id="oc-1c5">
         <name>.debug_line</name>
         <load_address>0x1058</load_address>
         <run_address>0x1058</run_address>
         <size>0x78</size>
         <input_file_ref idref="fl-a"/>
      </object_component>
      <object_component id="oc-1d1">
         <name>.debug_line</name>
         <load_address>0x10d0</load_address>
         <run_address>0x10d0</run_address>
         <size>0x2d</size>
         <input_file_ref idref="fl-a"/>
      </object_component>
      <object_component id="oc-77">
         <name>.debug_line</name>
         <load_address>0x10fd</load_address>
         <run_address>0x10fd</run_address>
         <size>0x177</size>
         <input_file_ref idref="fl-a"/>
      </object_component>
      <object_component id="oc-1ce">
         <name>.debug_line</name>
         <load_address>0x1274</load_address>
         <run_address>0x1274</run_address>
         <size>0x6b</size>
         <input_file_ref idref="fl-a"/>
      </object_component>
      <object_component id="oc-24a">
         <name>.debug_line</name>
         <load_address>0x12df</load_address>
         <run_address>0x12df</run_address>
         <size>0x2d</size>
         <input_file_ref idref="fl-c4"/>
      </object_component>
      <object_component id="oc-cf">
         <name>.debug_line</name>
         <load_address>0x130c</load_address>
         <run_address>0x130c</run_address>
         <size>0x4b</size>
         <input_file_ref idref="fl-c4"/>
      </object_component>
      <object_component id="oc-1a0">
         <name>.debug_line</name>
         <load_address>0x1357</load_address>
         <run_address>0x1357</run_address>
         <size>0x4b</size>
         <input_file_ref idref="fl-c4"/>
      </object_component>
      <object_component id="oc-1a5">
         <name>.debug_line</name>
         <load_address>0x13a2</load_address>
         <run_address>0x13a2</run_address>
         <size>0x3f</size>
         <input_file_ref idref="fl-c4"/>
      </object_component>
      <object_component id="oc-30b">
         <name>.debug_line</name>
         <load_address>0x13e1</load_address>
         <run_address>0x13e1</run_address>
         <size>0x91</size>
         <input_file_ref idref="fl-c4"/>
      </object_component>
      <object_component id="oc-3e">
         <name>.debug_line</name>
         <load_address>0x1472</load_address>
         <run_address>0x1472</run_address>
         <size>0x88</size>
[...]
         <object_component_ref idref="oc-70"/>
      </symbol>
      <symbol id="sm-16a">
         <name>hashRTC</name>
         <value>0x1a7d</value>
         <object_component_ref idref="oc-70"/>
      </symbol>
      <symbol id="sm-16b">
         <name>recieveHash</name>
         <value>0x1abd</value>
         <object_component_ref idref="oc-70"/>
      </symbol>
      <symbol id="sm-16c">
         <name>otpGen</name>
         <value>0x1895</value>
         <object_component_ref idref="oc-70"/>
      </symbol>
      <symbol id="sm-16d">
         <name>timereq</name>
         <value>0x200004ef</value>
         <object_component_ref idref="oc-ed"/>
      </symbol>
      <symbol id="sm-16e">
         <name>count</name>
         <value>0x200004d0</value>
         <object_component_ref idref="oc-f6"/>
      </symbol>
      <symbol id="sm-16f">
         <name>rqotp</name>
         <value>0x200004e8</value>
         <object_component_ref idref="oc-f0"/>
      </symbol>
      <symbol id="sm-170">
         <name>configAESAccel</name>
         <value>0x18d9</value>
         <object_component_ref idref="oc-70"/>
      </symbol>
      <symbol id="sm-185">
         <name>RGBLED_setColor</name>
         <value>0x4607</value>
         <object_component_ref idref="oc-e6"/>
      </symbol>
      <symbol id="sm-186">
         <name>RGBLED_toggleBlue</name>
         <value>0x45f9</value>
         <object_component_ref idref="oc-e6"/>
      </symbol>
      <symbol id="sm-187">
         <name>RGBLED_toggleRed</name>
         <value>0x45dd</value>
         <object_component_ref idref="oc-e6"/>
      </symbol>
      <symbol id="sm-188">
         <name>RGBLED_toggleGreen</name>
         <value>0x45eb</value>
         <object_component_ref idref="oc-e6"/>
      </symbol>
      <symbol id="sm-189">
         <name>RGBLED_init</name>
         <value>0x45b1</value>
         <object_component_ref idref="oc-e6"/>
      </symbol>
      <symbol id="sm-1dc">
         <name>SHA1</name>
         <value>0x180d</value>
         <object_component_ref idref="oc-d8"/>
      </symbol>
      <symbol id="sm-1dd">
         <name>SHA1Init</name>
         <value>0x164b</value>
         <object_component_ref idref="oc-d8"/>
      </symbol>
      <symbol id="sm-1de">
         <name>SHA1Final</name>
         <value>0x1735</value>
         <object_component_ref idref="oc-d8"/>
      </symbol>
      <symbol id="sm-1df">
         <name>SHA1Update</name>
         <value>0x1681</value>
         <object_component_ref idref="oc-d8"/>
      </symbol>
      <symbol id="sm-1e0">
         <name>SHA1Transform</name>
         <value>0xe9</value>
         <object_component_ref idref="oc-d8"/>
      </symbol>
      <symbol id="sm-1f5">
         <name>Reset_Handler</name>
         <value>0x4ee1</value>
         <object_component_ref idref="oc-6a"/>
      </symbol>
      <symbol id="sm-1f6">
         <name>Default_Handler</name>
         <value>0x4eed</value>
         <object_component_ref idref="oc-6a"/>
      </symbol>
      <symbol id="sm-1f7">
         <name>interruptVectors</name>
         <value>0x0</value>
         <object_component_ref idref="oc-26"/>
      </symbol>
      <symbol id="sm-245">
         <name>SystemInit</name>
         <value>0x35a1</value>
         <object_component_ref idref="oc-b2"/>
      </symbol>
      <symbol id="sm-246">
         <name>SystemCoreClockUpdate</name>
         <value>0x3329</value>
         <object_component_ref idref="oc-b2"/>
      </symbol>
      <symbol id="sm-247">
         <name>SystemCoreClock</name>
         <value>0x200004fc</value>
         <object_component_ref idref="oc-174"/>
      </symbol>
      <symbol id="sm-29d">
         <name>writeMessage</name>
         <value>0x306f</value>
         <object_component_ref idref="oc-76"/>
      </symbol>
      <symbol id="sm-29e">
         <name>printMessage</name>
         <value>0x320d</value>
         <object_component_ref idref="oc-76"/>
      </symbol>
      <symbol id="sm-29f">
         <name>EUSCIA2_IRQHandler</name>
         <value>0x324d</value>
         <object_component_ref idref="oc-76"/>
      </symbol>
      <symbol id="sm-2a0">
         <name>fillBuffer</name>
         <value>0x3191</value>
         <object_component_ref idref="oc-76"/>
      </symbol>
      <symbol id="sm-2a1">
         <name>initSerial</name>
         <value>0x2f99</value>
         <object_component_ref idref="oc-76"/>
      </symbol>
      <symbol id="sm-2a2">
         <name>flushSerial</name>
         <value>0x31fb</value>
         <object_component_ref idref="oc-76"/>
      </symbol>
      <symbol id="sm-2a3">
         <name>getString</name>
         <value>0x311d</value>
         <object_component_ref idref="oc-76"/>
      </symbol>
      <symbol id="sm-2ca">
         <name>sprintf</name>
         <value>0x4d05</value>
         <object_component_ref idref="oc-ca"/>
      </symbol>
      <symbol id="sm-2e5">
         <name>memcpy</name>
         <value>0x465d</value>
         <object_component_ref idref="oc-3a"/>
      </symbol>
      <symbol id="sm-2e6">
         <name>__aeabi_memcpy</name>
         <value>0x465d</value>
         <object_component_ref idref="oc-3a"/>
      </symbol>
      <symbol id="sm-2e7">
         <name>__aeabi_memcpy8</name>
         <value>0x465d</value>
         <object_component_ref idref="oc-3a"/>
      </symbol>
      <symbol id="sm-2e8">
         <name>__aeabi_memcpy4</name>
         <value>0x465d</value>
         <object_component_ref idref="oc-3a"/>
      </symbol>
      <symbol id="sm-2f7">
         <name>__aeabi_memset</name>
         <value>0x489d</value>
         <object_component_ref idref="oc-9a"/>
      </symbol>
      <symbol id="sm-2f8">
         <name>memset</name>
         <value>0x48a3</value>
         <object_component_ref idref="oc-9a"/>
      </symbol>
      <symbol id="sm-2f9">
         <name>__aeabi_memset8</name>
         <value>0x489d</value>
         <object_component_ref idref="oc-9a"/>
      </symbol>
      <symbol id="sm-2fa">
         <name>__aeabi_memset4</name>
         <value>0x489d</value>
         <object_component_ref idref="oc-9a"/>
      </symbol>
      <symbol id="sm-2fb">
         <name>__aeabi_memclr8</name>
         <value>0x489b</value>
         <object_component_ref idref="oc-9a"/>
      </symbol>
      <symbol id="sm-2fc">
         <name>__aeabi_memclr4</name>
         <value>0x489b</value>
         <object_component_ref idref="oc-9a"/>
      </symbol>
      <symbol id="sm-2fd">
         <name>__aeabi_memclr</name>
         <value>0x489b</value>
         <object_component_ref idref="oc-9a"/>
      </symbol>
      <symbol id="sm-311">
         <name>__TI_zero_init_nomemset</name>
         <value>0x4e11</value>
         <object_component_ref idref="oc-46"/>
      </symbol>
      <symbol id="sm-328">
         <name>__TI_decompress_none</name>
         <value>0x4ed3</value>
         <object_component_ref idref="oc-1d"/>
      </symbol>
      <symbol id="sm-34b">
         <name>__TI_decompress_lzss</name>
         <value>0x4a63</value>
         <object_component_ref idref="oc-17"/>
      </symbol>
      <symbol id="sm-3b9">
         <name>_sys_memory</name>
         <value>0x20000000</value>
         <object_component_ref idref="oc-29"/>
      </symbol>
      <symbol id="sm-3ba">
         <name>memalign</name>
         <value>0x4119</value>
         <object_component_ref idref="oc-1bd"/>
      </symbol>
      <symbol id="sm-3bb">
         <name>malloc</name>
         <value>0x4f01</value>
         <object_component_ref idref="oc-ff"/>
      </symbol>
      <symbol id="sm-3bc">
         <name>aligned_alloc</name>
         <value>0x4119</value>
         <object_component_ref idref="oc-1bd"/>
      </symbol>
      <symbol id="sm-3cf">
         <name>__stack</name>
         <value>0x2003fe00</value>
         <object_component_ref idref="oc-2c"/>
      </symbol>
      <symbol id="sm-3d0">
         <name>_c_int00_noargs</name>
         <value>0x4d85</value>
         <object_component_ref idref="oc-58"/>
      </symbol>
      <symbol id="sm-535">
         <name>__TI_printfi</name>
         <value>0x2549</value>
         <object_component_ref idref="oc-195"/>
      </symbol>
      <symbol id="sm-54c">
         <name>__aeabi_dsub</name>
         <value>0x3ab9</value>
         <object_component_ref idref="oc-2c5"/>
      </symbol>
      <symbol id="sm-54d">
         <name>__aeabi_dadd</name>
         <value>0x3ac3</value>
         <object_component_ref idref="oc-2c5"/>
      </symbol>
      <symbol id="sm-56f">
         <name>__aeabi_cdcmpeq</name>
         <value>0x478f</value>
         <object_component_ref idref="oc-20c"/>
      </symbol>
      <symbol id="sm-570">
         <name>__aeabi_cdcmple</name>
         <value>0x478f</value>
         <object_component_ref idref="oc-20c"/>
      </symbol>
      <symbol id="sm-571">
         <name>__aeabi_cdrcmple</name>
         <value>0x4815</value>
         <object_component_ref idref="oc-2b0"/>
      </symbol>
      <symbol id="sm-585">
         <name>__aeabi_ddiv</name>
         <value>0x3dad</value>
         <object_component_ref idref="oc-2ab"/>
      </symbol>
      <symbol id="sm-590">
         <name>__aeabi_dmul</name>
         <value>0x4315</value>
         <object_component_ref idref="oc-2a6"/>
      </symbol>
      <symbol id="sm-59a">
         <name>__aeabi_d2iz</name>
         <value>0x4c79</value>
         <object_component_ref idref="oc-2b5"/>
      </symbol>
      <symbol id="sm-5a4">
         <name>__aeabi_i2d</name>
         <value>0x4db9</value>
         <object_component_ref idref="oc-2c0"/>
      </symbol>
      <symbol id="sm-5b1">
         <name>__aeabi_uldivmod</name>
         <value>0x46f9</value>
         <object_component_ref idref="oc-29f"/>
      </symbol>
      <symbol id="sm-5d9">
         <name>__TI_auto_init_nobinit_nopinit</name>
         <value>0x4cc1</value>
         <object_component_ref idref="oc-142"/>
      </symbol>
      <symbol id="sm-5e3">
         <name>_system_pre_init</name>
         <value>0x4f09</value>
         <object_component_ref idref="oc-a0"/>
      </symbol>
      <symbol id="sm-5ef">
         <name>C$$EXIT</name>
         <value>0x4f0d</value>
         <object_component_ref idref="oc-136"/>
      </symbol>
      <symbol id="sm-5f0">
         <name>abort</name>
         <value>0x4f0d</value>
         <object_component_ref idref="oc-136"/>
      </symbol>
      <symbol id="sm-605">
         <name>_nop</name>
         <value>0x2f97</value>
         <object_component_ref idref="oc-279"/>
      </symbol>
      <symbol id="sm-606">
         <name>_lock</name>
         <value>0x200004d8</value>
         <object_component_ref idref="oc-1dc"/>
      </symbol>
      <symbol id="sm-607">
         <name>_unlock</name>
         <value>0x200004dc</value>
         <object_component_ref idref="oc-1dc"/>
      </symbol>
      <symbol id="sm-616">
         <name>__TI_ltoa</name>
         <value>0x4b87</value>
         <object_component_ref idref="oc-2ba"/>
      </symbol>
      <symbol id="sm-62d">
         <name>atoi</name>
         <value>0x4c2d</value>
         <object_component_ref idref="oc-200"/>
      </symbol>
      <symbol id="sm-638">
         <name>_ctypes_</name>
         <value>0x4f10</value>
         <object_component_ref idref="oc-29a"/>
      </symbol>
      <symbol id="sm-648">
         <name>memccpy</name>
         <value>0x4e49</value>
         <object_component_ref idref="oc-229"/>
      </symbol>
      <symbol id="sm-658">
         <name>strchr</name>
         <value>0x4e97</value>
         <object_component_ref idref="oc-2f1"/>
      </symbol>
      <symbol id="sm-666">
         <name>strlen</name>
         <value>0x4ead</value>
         <object_component_ref idref="oc-1fa"/>
      </symbol>
      <symbol id="sm-67c">
         <name>__aeabi_errno_addr</name>
         <value>0x4ef9</value>
         <object_component_ref idref="oc-235"/>
      </symbol>
      <symbol id="sm-67d">
         <name>errno</name>
         <value>0x200004f8</value>
         <object_component_ref idref="oc-301"/>
      </symbol>
      <symbol id="sm-696">
         <name>wcslen</name>
         <value>0x4ec1</value>
         <object_component_ref idref="oc-22f"/>
      </symbol>
      <symbol id="sm-6b6">
         <name>frexpl</name>
         <value>0x4acd</value>
         <object_component_ref idref="oc-2e5"/>
      </symbol>
      <symbol id="sm-6b7">
         <name>frexp</name>
         <value>0x4acd</value>
         <object_component_ref idref="oc-2e5"/>
      </symbol>
      <symbol id="sm-6d4">
         <name>scalbn</name>
         <value>0x4009</value>
         <object_component_ref idref="oc-2eb"/>
      </symbol>
      <symbol id="sm-6d5">
         <name>scalbnl</name>
         <value>0x4009</value>
         <object_component_ref idref="oc-2eb"/>
      </symbol>
      <symbol id="sm-6d6">
         <name>ldexpl</name>
         <value>0x4009</value>
         <object_component_ref idref="oc-2eb"/>
      </symbol>
      <symbol id="sm-6d7">
         <name>ldexp</name>
         <value>0x4009</value>
         <object_component_ref idref="oc-2eb"/>
      </symbol>
      <symbol id="sm-6e1">
         <name>__aeabi_idiv0</name>
         <value>0x3c6f</value>
         <object_component_ref idref="oc-334"/>
      </symbol>
      <symbol id="sm-6e2">
         <name>__aeabi_ldiv0</name>
         <value>0x3c6f</value>
         <object_component_ref idref="oc-334"/>
      </symbol>
      <symbol id="sm-6ec">
         <name>copysign</name>
         <value>0x4e65</value>
         <object_component_ref idref="oc-34d"/>
      </symbol>
      <symbol id="sm-6ed">
         <name>copysignl</name>
         <value>0x4e65</value>
         <object_component_ref idref="oc-34d"/>
      </symbol>
      <symbol id="sm-6ee">
         <name>__TI_static_base__</name>
         <value>0x0</value>
      </symbol>
      <symbol id="sm-6f1">
         <name>__mpu_init</name>
         <value>0x0</value>
      </symbol>
      <symbol id="sm-6f2">
         <name>_system_post_cinit</name>
         <value>0x0</value>
      </symbol>
      <symbol id="sm-6f3">
         <name>NMI_Handler</name>
         <value>0x4eed</value>
      </symbol>
      <symbol id="sm-6f4">
         <name>HardFault_Handler</name>
         <value>0x4eed</value>
      </symbol>
      <symbol id="sm-6f5">
         <name>MemManage_Handler</name>
         <value>0x4eed</value>
      </symbol>
      <symbol id="sm-6f6">
         <name>BusFault_Handler</name>
         <value>0x4eed</value>
      </symbol>
      <symbol id="sm-6f7">
         <name>UsageFault_Handler</name>
         <value>0x4eed</value>
      </symbol>
      <symbol id="sm-6f8">
         <name>SVC_Handler</name>
         <value>0x4eed</value>
      </symbol>
      <symbol id="sm-6f9">
         <name>DebugMon_Handler</name>
         <value>0x4eed</value>
      </symbol>
      <symbol id="sm-6fa">
         <name>PendSV_Handler</name>
         <value>0x4eed</value>
      </symbol>
      <symbol id="sm-6fb">
         <name>SysTick_Handler</name>
         <value>0x4eed</value>
      </symbol>
      <symbol id="sm-6fc">
         <name>PSS_IRQHandler</name>
         <value>0x4eed</value>
      </symbol>
      <symbol id="sm-6fd">
         <name>CS_IRQHandler</name>
         <value>0x4eed</value>
      </symbol>
      <symbol id="sm-6fe">
         <name>PCM_IRQHandler</name>
         <value>0x4eed</value>
      </symbol>
      <symbol id="sm-6ff">
         <name>WDT_A_IRQHandler</name>
         <value>0x4eed</value>
      </symbol>
      <symbol id="sm-700">
         <name>FPU_IRQHandler</name>
         <value>0x4eed</value>
      </symbol>
      <symbol id="sm-701">
         <name>FLCTL_A_IRQHandler</name>
         <value>0x4eed</value>
      </symbol>
      <symbol id="sm-702">
         <name>COMP_E0_IRQHandler</name>
         <value>0x4eed</value>
      </symbol>
      <symbol id="sm-703">
         <name>COMP_E1_IRQHandler</name>
         <value>0x4eed</value>
      </symbol>
      <symbol id="sm-704">
         <name>TA0_0_IRQHandler</name>
         <value>0x24fb</value>
      </symbol>
      <symbol id="sm-705">
         <name>TA0_N_IRQHandler</name>
         <value>0x4eed</value>
      </symbol>
      <symbol id="sm-706">
         <name>TA1_0_IRQHandler</name>
         <value>0x4eed</value>
      </symbol>
      <symbol id="sm-707">
         <name>TA1_N_IRQHandler</name>
         <value>0x4eed</value>
      </symbol>
      <symbol id="sm-708">
         <name>TA2_0_IRQHandler</name>
         <value>0x4eed</value>
      </symbol>
      <symbol id="sm-709">
         <name>TA2_N_IRQHandler</name>
         <value>0x4eed</value>
      </symbol>
      <symbol id="sm-70a">
         <name>TA3_0_IRQHandler</name>
         <value>0x4eed</value>
      </symbol>
      <symbol id="sm-70b">
         <name>TA3_N_IRQHandler</name>
         <value>0x4eed</value>
      </symbol>
      <symbol id="sm-70c">
         <name>EUSCIA0_IRQHandler</name>
         <value>0x4eed</value>
      </symbol>
      <symbol id="sm-70d">
         <name>EUSCIA1_IRQHandler</name>
         <value>0x4eed</value>
      </symbol>
      <symbol id="sm-70e">
         <name>EUSCIA2_IRQHandler</name>
         <value>0x324d</value>
      </symbol>
      <symbol id="sm-70f">
         <name>EUSCIA3_IRQHandler</name>
         <value>0x4eed</value>
      </symbol>
      <symbol id="sm-710">
         <name>EUSCIB0_IRQHandler</name>
         <value>0x4eed</value>
      </symbol>
      <symbol id="sm-711">
         <name>EUSCIB1_IRQHandler</name>
         <value>0x4eed</value>
      </symbol>
      <symbol id="sm-712">
         <name>EUSCIB2_IRQHandler</name>
         <value>0x4eed</value>
      </symbol>
      <symbol id="sm-713">
         <name>EUSCIB3_IRQHandler</name>
         <value>0x4eed</value>
      </symbol>
      <symbol id="sm-714">
         <name>ADC14_IRQHandler</name>
         <value>0x4eed</value>
      </symbol>
      <symbol id="sm-715">
         <name>T32_INT1_IRQHandler</name>
         <value>0x4eed</value>
      </symbol>
      <symbol id="sm-716">
         <name>T32_INT2_IRQHandler</name>
         <value>0x4eed</value>
      </symbol>
      <symbol id="sm-717">
         <name>T32_INTC_IRQHandler</name>
         <value>0x4eed</value>
      </symbol>
      <symbol id="sm-718">
         <name>AES256_IRQHandler</name>
         <value>0x4eed</value>
      </symbol>
      <symbol id="sm-719">
         <name>RTC_C_IRQHandler</name>
         <value>0x4eed</value>
      </symbol>
      <symbol id="sm-71a">
         <name>DMA_ERR_IRQHandler</name>
         <value>0x4eed</value>
      </symbol>
      <symbol id="sm-71b">
         <name>DMA_INT3_IRQHandler</name>
         <value>0x4eed</value>
      </symbol>
      <symbol id="sm-71c">
         <name>DMA_INT2_IRQHandler</name>
         <value>0x4eed</value>
      </symbol>
      <symbol id="sm-71d">
         <name>DMA_INT1_IRQHandler</name>
         <value>0x4eed</value>
      </symbol>
      <symbol id="sm-71e">
         <name>DMA_INT0_IRQHandler</name>
         <value>0x4eed</value>
      </symbol>
      <symbol id="sm-71f">
         <name>PORT1_IRQHandler</name>
         <value>0x4eed</value>
      </symbol>
      <symbol id="sm-720">
         <name>PORT2_IRQHandler</name>
         <value>0x4eed</value>
      </symbol>
      <symbol id="sm-721">
         <name>PORT3_IRQHandler</name>
         <value>0x4eed</value>
      </symbol>
      <symbol id="sm-722">
         <name>PORT4_IRQHandler</name>
         <value>0x4eed</value>
      </symbol>
      <symbol id="sm-723">
         <name>PORT5_IRQHandler</name>
         <value>0x4eed</value>
      </symbol>
      <symbol id="sm-724">
         <name>PORT6_IRQHandler</name>
         <value>0x4eed</value>
      </symbol>
      <symbol id="sm-725">
         <name>LCD_F_IRQHandler</name>
         <value>0x4eed</value>
      </symbol>
   </symbol_table>
   <title>Link successful</title>
</link_info>
