<?xml version="1.0" encoding="ISO-8859-1" ?>
<link_info>
   <banner>TI ARM Linker PC v20.2.7.LTS</banner>
   <copyright>Copyright (c) 1996-2018 Texas Instruments Incorporated</copyright>
   <link_time>0x63f30bc1</link_time>
   <link_errors>0x0</link_errors>
   <output_file>god_help.out</output_file>
   <entry_point>
      <name>_c_int00_noargs</name>
      <address>0x5871</address>
   </entry_point>
   <input_file_list>
      <input_file id="fl-2">
         <path>.\</path>
         <kind>object</kind>
         <file>csHFX.obj</file>
         <name>csHFX.obj</name>
      </input_file>
      <input_file id="fl-3">
         <path>.\</path>
         <kind>object</kind>
         <file>keypad.obj</file>
         <name>keypad.obj</name>
      </input_file>
      <input_file id="fl-4">
         <path>.\</path>
         <kind>object</kind>
         <file>main.obj</file>
         <name>main.obj</name>
      </input_file>
      <input_file id="fl-5">
         <path>.\</path>
         <kind>object</kind>
         <file>rgbLED.obj</file>
         <name>rgbLED.obj</name>
      </input_file>
      <input_file id="fl-6">
         <path>.\</path>
         <kind>object</kind>
         <file>sha1.obj</file>
         <name>sha1.obj</name>
      </input_file>
      <input_file id="fl-7">
         <path>.\</path>
         <kind>object</kind>
         <file>startup_msp432p4111_ccs.obj</file>
         <name>startup_msp432p4111_ccs.obj</name>
      </input_file>
      <input_file id="fl-8">
         <path>.\</path>
         <kind>object</kind>
         <file>system_msp432p4111.obj</file>
         <name>system_msp432p4111.obj</name>
      </input_file>
      <input_file id="fl-9">
         <path>.\</path>
         <kind>object</kind>
         <file>uart.obj</file>
         <name>uart.obj</name>
      </input_file>
      <input_file id="fl-d">
         <kind>object</kind>
         <file>&lt;internal&gt;</file>
         <name>&lt;internal&gt;</name>
      </input_file>
      <input_file id="fl-c3">
         <path>C:\ti\ccs1210\ccs\tools\compiler\ti-cgt-arm_20.2.7.LTS\lib\</path>
         <kind>archive</kind>
         <file>rtsv7M4_T_le_v4SPD16_eabi.lib</file>
         <name>e_pow.c.obj</name>
      </input_file>
      <input_file id="fl-c4">
         <path>C:\ti\ccs1210\ccs\tools\compiler\ti-cgt-arm_20.2.7.LTS\lib\</path>
         <kind>archive</kind>
         <file>rtsv7M4_T_le_v4SPD16_eabi.lib</file>
         <name>e_sqrt.c.obj</name>
      </input_file>
      <input_file id="fl-c5">
         <path>C:\ti\ccs1210\ccs\tools\compiler\ti-cgt-arm_20.2.7.LTS\lib\</path>
         <kind>archive</kind>
         <file>rtsv7M4_T_le_v4SPD16_eabi.lib</file>
         <name>s_ceil.c.obj</name>
      </input_file>
      <input_file id="fl-c6">
         <path>C:\ti\ccs1210\ccs\tools\compiler\ti-cgt-arm_20.2.7.LTS\lib\</path>
         <kind>archive</kind>
         <file>rtsv7M4_T_le_v4SPD16_eabi.lib</file>
         <name>s_scalbn.c.obj</name>
      </input_file>
      <input_file id="fl-c7">
         <path>C:\ti\ccs1210\ccs\tools\compiler\ti-cgt-arm_20.2.7.LTS\lib\</path>
         <kind>archive</kind>
         <file>rtsv7M4_T_le_v4SPD16_eabi.lib</file>
         <name>sprintf.c.obj</name>
      </input_file>
      <input_file id="fl-c8">
         <path>C:\ti\ccs1210\ccs\tools\compiler\ti-cgt-arm_20.2.7.LTS\lib\</path>
         <kind>archive</kind>
         <file>rtsv7M4_T_le_v4SPD16_eabi.lib</file>
         <name>fd_add_t2.asm.obj</name>
      </input_file>
      <input_file id="fl-c9">
         <path>C:\ti\ccs1210\ccs\tools\compiler\ti-cgt-arm_20.2.7.LTS\lib\</path>
         <kind>archive</kind>
         <file>rtsv7M4_T_le_v4SPD16_eabi.lib</file>
         <name>fd_cmp_t2.asm.obj</name>
      </input_file>
      <input_file id="fl-ca">
         <path>C:\ti\ccs1210\ccs\tools\compiler\ti-cgt-arm_20.2.7.LTS\lib\</path>
         <kind>archive</kind>
         <file>rtsv7M4_T_le_v4SPD16_eabi.lib</file>
         <name>fd_div_t2.asm.obj</name>
      </input_file>
      <input_file id="fl-cb">
         <path>C:\ti\ccs1210\ccs\tools\compiler\ti-cgt-arm_20.2.7.LTS\lib\</path>
         <kind>archive</kind>
         <file>rtsv7M4_T_le_v4SPD16_eabi.lib</file>
         <name>fd_mul_t2.asm.obj</name>
      </input_file>
      <input_file id="fl-cc">
         <path>C:\ti\ccs1210\ccs\tools\compiler\ti-cgt-arm_20.2.7.LTS\lib\</path>
         <kind>archive</kind>
         <file>rtsv7M4_T_le_v4SPD16_eabi.lib</file>
         <name>fs_tod_t2.asm.obj</name>
      </input_file>
      <input_file id="fl-cd">
         <path>C:\ti\ccs1210\ccs\tools\compiler\ti-cgt-arm_20.2.7.LTS\lib\</path>
         <kind>archive</kind>
         <file>rtsv7M4_T_le_v4SPD16_eabi.lib</file>
         <name>i_tofd_t2.asm.obj</name>
      </input_file>
      <input_file id="fl-ce">
         <path>C:\ti\ccs1210\ccs\tools\compiler\ti-cgt-arm_20.2.7.LTS\lib\</path>
         <kind>archive</kind>
         <file>rtsv7M4_T_le_v4SPD16_eabi.lib</file>
         <name>memcpy_t2.asm.obj</name>
      </input_file>
      <input_file id="fl-cf">
         <path>C:\ti\ccs1210\ccs\tools\compiler\ti-cgt-arm_20.2.7.LTS\lib\</path>
         <kind>archive</kind>
         <file>rtsv7M4_T_le_v4SPD16_eabi.lib</file>
         <name>memset_t2.asm.obj</name>
      </input_file>
      <input_file id="fl-d0">
         <path>C:\ti\ccs1210\ccs\tools\compiler\ti-cgt-arm_20.2.7.LTS\lib\</path>
         <kind>archive</kind>
         <file>rtsv7M4_T_le_v4SPD16_eabi.lib</file>
         <name>copy_zero_init.c.obj</name>
      </input_file>
      <input_file id="fl-d1">
         <path>C:\ti\ccs1210\ccs\tools\compiler\ti-cgt-arm_20.2.7.LTS\lib\</path>
         <kind>archive</kind>
         <file>rtsv7M4_T_le_v4SPD16_eabi.lib</file>
         <name>copy_decompress_none.c.obj</name>
      </input_file>
      <input_file id="fl-d2">
         <path>C:\ti\ccs1210\ccs\tools\compiler\ti-cgt-arm_20.2.7.LTS\lib\</path>
         <kind>archive</kind>
         <file>rtsv7M4_T_le_v4SPD16_eabi.lib</file>
         <name>copy_decompress_lzss.c.obj</name>
      </input_file>
      <input_file id="fl-d3">
         <path>C:\ti\ccs1210\ccs\tools\compiler\ti-cgt-arm_20.2.7.LTS\lib\</path>
         <kind>archive</kind>
         <file>rtsv7M4_T_le_v4SPD16_eabi.lib</file>
         <name>memory.c.obj</name>
      </input_file>
      <input_file id="fl-d4">
         <path>C:\ti\ccs1210\ccs\tools\compiler\ti-cgt-arm_20.2.7.LTS\lib\</path>
         <kind>archive</kind>
         <file>rtsv7M4_T_le_v4SPD16_eabi.lib</file>
         <name>strlen.c.obj</name>
      </input_file>
      <input_file id="fl-d5">
         <path>C:\ti\ccs1210\ccs\tools\compiler\ti-cgt-arm_20.2.7.LTS\lib\</path>
         <kind>archive</kind>
         <file>rtsv7M4_T_le_v4SPD16_eabi.lib</file>
         <name>boot_cortex_m.c.obj</name>
      </input_file>
      <input_file id="fl-d6">
         <path>C:\ti\ccs1210\ccs\tools\compiler\ti-cgt-arm_20.2.7.LTS\lib\</path>
         <kind>archive</kind>
         <file>rtsv7M4_T_le_v4SPD16_eabi.lib</file>
         <name>errno.c.obj</name>
      </input_file>
      <input_file id="fl-d7">
         <path>C:\ti\ccs1210\ccs\tools\compiler\ti-cgt-arm_20.2.7.LTS\lib\</path>
         <kind>archive</kind>
         <file>rtsv7M4_T_le_v4SPD16_eabi.lib</file>
         <name>s_copysign.c.obj</name>
      </input_file>
      <input_file id="fl-d8">
         <path>C:\ti\ccs1210\ccs\tools\compiler\ti-cgt-arm_20.2.7.LTS\lib\</path>
         <kind>archive</kind>
         <file>rtsv7M4_T_le_v4SPD16_eabi.lib</file>
         <name>_printfi.c.obj</name>
      </input_file>
      <input_file id="fl-d9">
         <path>C:\ti\ccs1210\ccs\tools\compiler\ti-cgt-arm_20.2.7.LTS\lib\</path>
         <kind>archive</kind>
         <file>rtsv7M4_T_le_v4SPD16_eabi.lib</file>
         <name>fd_toi_t2.asm.obj</name>
      </input_file>
      <input_file id="fl-da">
         <path>C:\ti\ccs1210\ccs\tools\compiler\ti-cgt-arm_20.2.7.LTS\lib\</path>
         <kind>archive</kind>
         <file>rtsv7M4_T_le_v4SPD16_eabi.lib</file>
         <name>ull_div_t2.asm.obj</name>
      </input_file>
      <input_file id="fl-db">
         <path>C:\ti\ccs1210\ccs\tools\compiler\ti-cgt-arm_20.2.7.LTS\lib\</path>
         <kind>archive</kind>
         <file>rtsv7M4_T_le_v4SPD16_eabi.lib</file>
         <name>autoinit.c.obj</name>
      </input_file>
      <input_file id="fl-dc">
         <path>C:\ti\ccs1210\ccs\tools\compiler\ti-cgt-arm_20.2.7.LTS\lib\</path>
         <kind>archive</kind>
         <file>rtsv7M4_T_le_v4SPD16_eabi.lib</file>
         <name>pre_init.c.obj</name>
      </input_file>
      <input_file id="fl-dd">
         <path>C:\ti\ccs1210\ccs\tools\compiler\ti-cgt-arm_20.2.7.LTS\lib\</path>
         <kind>archive</kind>
         <file>rtsv7M4_T_le_v4SPD16_eabi.lib</file>
         <name>cpy_tbl.c.obj</name>
      </input_file>
      <input_file id="fl-de">
         <path>C:\ti\ccs1210\ccs\tools\compiler\ti-cgt-arm_20.2.7.LTS\lib\</path>
         <kind>archive</kind>
         <file>rtsv7M4_T_le_v4SPD16_eabi.lib</file>
         <name>exit.c.obj</name>
      </input_file>
      <input_file id="fl-df">
         <path>C:\ti\ccs1210\ccs\tools\compiler\ti-cgt-arm_20.2.7.LTS\lib\</path>
         <kind>archive</kind>
         <file>rtsv7M4_T_le_v4SPD16_eabi.lib</file>
         <name>_lock.c.obj</name>
      </input_file>
      <input_file id="fl-e0">
         <path>C:\ti\ccs1210\ccs\tools\compiler\ti-cgt-arm_20.2.7.LTS\lib\</path>
         <kind>archive</kind>
         <file>rtsv7M4_T_le_v4SPD16_eabi.lib</file>
         <name>_ltoa.c.obj</name>
      </input_file>
      <input_file id="fl-e1">
         <path>C:\ti\ccs1210\ccs\tools\compiler\ti-cgt-arm_20.2.7.LTS\lib\</path>
         <kind>archive</kind>
         <file>rtsv7M4_T_le_v4SPD16_eabi.lib</file>
         <name>args_main.c.obj</name>
      </input_file>
      <input_file id="fl-e2">
         <path>C:\ti\ccs1210\ccs\tools\compiler\ti-cgt-arm_20.2.7.LTS\lib\</path>
         <kind>archive</kind>
         <file>rtsv7M4_T_le_v4SPD16_eabi.lib</file>
         <name>atoi.c.obj</name>
      </input_file>
      <input_file id="fl-e3">
         <path>C:\ti\ccs1210\ccs\tools\compiler\ti-cgt-arm_20.2.7.LTS\lib\</path>
         <kind>archive</kind>
         <file>rtsv7M4_T_le_v4SPD16_eabi.lib</file>
         <name>ctype.c.obj</name>
      </input_file>
      <input_file id="fl-e4">
         <path>C:\ti\ccs1210\ccs\tools\compiler\ti-cgt-arm_20.2.7.LTS\lib\</path>
         <kind>archive</kind>
         <file>rtsv7M4_T_le_v4SPD16_eabi.lib</file>
         <name>memccpy.c.obj</name>
      </input_file>
      <input_file id="fl-e5">
         <path>C:\ti\ccs1210\ccs\tools\compiler\ti-cgt-arm_20.2.7.LTS\lib\</path>
         <kind>archive</kind>
         <file>rtsv7M4_T_le_v4SPD16_eabi.lib</file>
         <name>strchr.c.obj</name>
      </input_file>
      <input_file id="fl-e6">
         <path>C:\ti\ccs1210\ccs\tools\compiler\ti-cgt-arm_20.2.7.LTS\lib\</path>
         <kind>archive</kind>
         <file>rtsv7M4_T_le_v4SPD16_eabi.lib</file>
         <name>wcslen.c.obj</name>
      </input_file>
      <input_file id="fl-e7">
         <path>C:\ti\ccs1210\ccs\tools\compiler\ti-cgt-arm_20.2.7.LTS\lib\</path>
         <kind>archive</kind>
         <file>rtsv7M4_T_le_v4SPD16_eabi.lib</file>
         <name>s_frexp.c.obj</name>
      </input_file>
      <input_file id="fl-e8">
         <path>C:\ti\ccs1210\ccs\tools\compiler\ti-cgt-arm_20.2.7.LTS\lib\</path>
         <kind>archive</kind>
         <file>rtsv7M4_T_le_v4SPD16_eabi.lib</file>
         <name>div0.asm.obj</name>
      </input_file>
   </input_file_list>
   <object_component_list>
      <object_component id="oc-26">
         <name>.intvecs:retain</name>
         <load_address>0x0</load_address>
         <run_address>0x0</run_address>
         <size>0xe8</size>
         <input_file_ref idref="fl-7"/>
      </object_component>
      <object_component id="oc-fa">
         <name>.text</name>
         <load_address>0xe8</load_address>
         <run_address>0xe8</run_address>
         <size>0x1780</size>
         <input_file_ref idref="fl-6"/>
      </object_component>
      <object_component id="oc-a0">
         <name>.text</name>
         <load_address>0x1868</load_address>
         <run_address>0x1868</run_address>
         <size>0xca4</size>
         <input_file_ref idref="fl-4"/>
      </object_component>
      <object_component id="oc-1fd">
         <name>.text:__TI_printfi</name>
         <load_address>0x250c</load_address>
         <run_address>0x250c</run_address>
         <size>0xa4e</size>
         <input_file_ref idref="fl-d8"/>
      </object_component>
      <object_component id="oc-2d4">
         <name>.text:_nop</name>
         <load_address>0x2f5a</load_address>
         <run_address>0x2f5a</run_address>
         <size>0x2</size>
         <input_file_ref idref="fl-df"/>
      </object_component>
      <object_component id="oc-104">
         <name>.text:pow</name>
         <load_address>0x2f5c</load_address>
         <run_address>0x2f5c</run_address>
         <size>0x9d0</size>
         <input_file_ref idref="fl-c3"/>
      </object_component>
      <object_component id="oc-70">
         <name>.text</name>
         <load_address>0x392c</load_address>
         <run_address>0x392c</run_address>
         <size>0x3bc</size>
         <input_file_ref idref="fl-9"/>
      </object_component>
      <object_component id="oc-b2">
         <name>.text</name>
         <load_address>0x3ce8</load_address>
         <run_address>0x3ce8</run_address>
         <size>0x350</size>
         <input_file_ref idref="fl-8"/>
      </object_component>
      <object_component id="oc-2ae">
         <name>.text:_pconv_a</name>
         <load_address>0x4038</load_address>
         <run_address>0x4038</run_address>
         <size>0x270</size>
         <input_file_ref idref="fl-d8"/>
      </object_component>
      <object_component id="oc-29c">
         <name>.text:_pconv_g</name>
         <load_address>0x42a8</load_address>
         <run_address>0x42a8</run_address>
         <size>0x1d0</size>
         <input_file_ref idref="fl-d8"/>
      </object_component>
      <object_component id="oc-1bf">
         <name>.text</name>
         <load_address>0x4478</load_address>
         <run_address>0x4478</run_address>
         <size>0x1b6</size>
         <input_file_ref idref="fl-c8"/>
      </object_component>
      <object_component id="oc-374">
         <name>.text</name>
         <load_address>0x462e</load_address>
         <run_address>0x462e</run_address>
         <size>0x2</size>
         <input_file_ref idref="fl-e8"/>
      </object_component>
      <object_component id="oc-1c9">
         <name>.text:sqrt</name>
         <load_address>0x4630</load_address>
         <run_address>0x4630</run_address>
         <size>0x158</size>
         <input_file_ref idref="fl-c4"/>
      </object_component>
      <object_component id="oc-2a8">
         <name>.text:_pconv_e</name>
         <load_address>0x4788</load_address>
         <run_address>0x4788</run_address>
         <size>0x13c</size>
         <input_file_ref idref="fl-d8"/>
      </object_component>
      <object_component id="oc-1c4">
         <name>.text</name>
         <load_address>0x48c4</load_address>
         <run_address>0x48c4</run_address>
         <size>0x136</size>
         <input_file_ref idref="fl-ca"/>
      </object_component>
      <object_component id="oc-32b">
         <name>.text:fcvt</name>
         <load_address>0x49fc</load_address>
         <run_address>0x49fc</run_address>
         <size>0x124</size>
         <input_file_ref idref="fl-d8"/>
      </object_component>
      <object_component id="oc-1ec">
         <name>.text:scalbn</name>
         <load_address>0x4b20</load_address>
         <run_address>0x4b20</run_address>
         <size>0x110</size>
         <input_file_ref idref="fl-c6"/>
      </object_component>
      <object_component id="oc-18a">
         <name>.text:aligned_alloc</name>
         <load_address>0x4c30</load_address>
         <run_address>0x4c30</run_address>
         <size>0x100</size>
         <input_file_ref idref="fl-d3"/>
      </object_component>
      <object_component id="oc-131">
         <name>.text</name>
         <load_address>0x4d30</load_address>
         <run_address>0x4d30</run_address>
         <size>0xfc</size>
         <input_file_ref idref="fl-3"/>
      </object_component>
      <object_component id="oc-1d5">
         <name>.text</name>
         <load_address>0x4e2c</load_address>
         <run_address>0x4e2c</run_address>
         <size>0xfc</size>
         <input_file_ref idref="fl-cb"/>
      </object_component>
      <object_component id="oc-10f">
         <name>.text:ceil</name>
         <load_address>0x4f28</load_address>
         <run_address>0x4f28</run_address>
         <size>0xf8</size>
         <input_file_ref idref="fl-c5"/>
      </object_component>
      <object_component id="oc-296">
         <name>.text:_ltostr</name>
         <load_address>0x5020</load_address>
         <run_address>0x5020</run_address>
         <size>0xb1</size>
         <input_file_ref idref="fl-d8"/>
      </object_component>
      <object_component id="oc-137">
         <name>.text</name>
         <load_address>0x50d4</load_address>
         <run_address>0x50d4</run_address>
         <size>0xac</size>
         <input_file_ref idref="fl-5"/>
      </object_component>
      <object_component id="oc-3a">
         <name>.text</name>
         <load_address>0x5180</load_address>
         <run_address>0x5180</run_address>
         <size>0x9c</size>
         <input_file_ref idref="fl-ce"/>
      </object_component>
      <object_component id="oc-30d">
         <name>.text</name>
         <load_address>0x521c</load_address>
         <run_address>0x521c</run_address>
         <size>0x96</size>
         <input_file_ref idref="fl-da"/>
      </object_component>
      <object_component id="oc-1e2">
         <name>.text:__aeabi_cdcmple</name>
         <load_address>0x52b2</load_address>
         <run_address>0x52b2</run_address>
         <size>0x86</size>
         <input_file_ref idref="fl-c9"/>
      </object_component>
      <object_component id="oc-1e7">
         <name>.text:__aeabi_cdrcmple</name>
         <load_address>0x5338</load_address>
         <run_address>0x5338</run_address>
         <size>0x86</size>
         <input_file_ref idref="fl-c9"/>
      </object_component>
      <object_component id="oc-94">
         <name>.text</name>
         <load_address>0x53be</load_address>
         <run_address>0x53be</run_address>
         <size>0x7a</size>
         <input_file_ref idref="fl-cf"/>
      </object_component>
      <object_component id="oc-24b">
         <name>.text:split</name>
         <load_address>0x5438</load_address>
         <run_address>0x5438</run_address>
         <size>0x70</size>
         <input_file_ref idref="fl-d3"/>
      </object_component>
      <object_component id="oc-324">
         <name>.text:_mcpy</name>
         <load_address>0x54a8</load_address>
         <run_address>0x54a8</run_address>
         <size>0x6e</size>
         <input_file_ref idref="fl-d8"/>
      </object_component>
      <object_component id="oc-17">
         <name>.text:decompress:lzss:__TI_decompress_lzss</name>
         <load_address>0x5516</load_address>
         <run_address>0x5516</run_address>
         <size>0x68</size>
         <input_file_ref idref="fl-d2"/>
      </object_component>
      <object_component id="oc-339">
         <name>.text:frexp</name>
         <load_address>0x5580</load_address>
         <run_address>0x5580</run_address>
         <size>0x64</size>
         <input_file_ref idref="fl-e7"/>
      </object_component>
      <object_component id="oc-2a2">
         <name>.text:_pconv_f</name>
         <load_address>0x55e4</load_address>
         <run_address>0x55e4</run_address>
         <size>0x56</size>
         <input_file_ref idref="fl-d8"/>
      </object_component>
      <object_component id="oc-318">
         <name>.text:__TI_ltoa</name>
         <load_address>0x563a</load_address>
         <run_address>0x563a</run_address>
         <size>0x54</size>
         <input_file_ref idref="fl-e0"/>
      </object_component>
      <object_component id="oc-31e">
         <name>.text:_ecpy</name>
         <load_address>0x568e</load_address>
         <run_address>0x568e</run_address>
         <size>0x52</size>
         <input_file_ref idref="fl-d8"/>
      </object_component>
      <object_component id="oc-290">
         <name>.text:atoi</name>
         <load_address>0x56e0</load_address>
         <run_address>0x56e0</run_address>
         <size>0x4c</size>
         <input_file_ref idref="fl-e2"/>
      </object_component>
      <object_component id="oc-313">
         <name>.text</name>
         <load_address>0x572c</load_address>
         <run_address>0x572c</run_address>
         <size>0x48</size>
         <input_file_ref idref="fl-d9"/>
      </object_component>
      <object_component id="oc-154">
         <name>.text:__TI_auto_init_nobinit_nopinit:__TI_auto_init_nobinit_nopinit</name>
         <load_address>0x5774</load_address>
         <run_address>0x5774</run_address>
         <size>0x44</size>
         <input_file_ref idref="fl-db"/>
      </object_component>
      <object_component id="oc-115">
         <name>.text:sprintf</name>
         <load_address>0x57b8</load_address>
         <run_address>0x57b8</run_address>
         <size>0x40</size>
         <input_file_ref idref="fl-c7"/>
      </object_component>
      <object_component id="oc-331">
         <name>.text:_fcpy</name>
         <load_address>0x57f8</load_address>
         <run_address>0x57f8</run_address>
         <size>0x3e</size>
         <input_file_ref idref="fl-d8"/>
      </object_component>
      <object_component id="oc-10a">
         <name>.text</name>
         <load_address>0x5836</load_address>
         <run_address>0x5836</run_address>
         <size>0x38</size>
         <input_file_ref idref="fl-cc"/>
      </object_component>
      <object_component id="oc-58">
         <name>.text:_c_int00_noargs:_c_int00_noargs</name>
         <load_address>0x5870</load_address>
         <run_address>0x5870</run_address>
         <size>0x34</size>
         <input_file_ref idref="fl-d5"/>
      </object_component>
      <object_component id="oc-1da">
         <name>.text</name>
         <load_address>0x58a4</load_address>
         <run_address>0x58a4</run_address>
         <size>0x2e</size>
         <input_file_ref idref="fl-cd"/>
      </object_component>
      <object_component id="oc-245">
         <name>.text:free_list_insert</name>
         <load_address>0x58d4</load_address>
         <run_address>0x58d4</run_address>
         <size>0x28</size>
         <input_file_ref idref="fl-d3"/>
      </object_component>
      <object_component id="oc-46">
         <name>.text:decompress:ZI:__TI_zero_init_nomemset:__TI_zero_init_nomemset</name>
         <load_address>0x58fc</load_address>
         <run_address>0x58fc</run_address>
         <size>0x1c</size>
         <input_file_ref idref="fl-d0"/>
      </object_component>
      <object_component id="oc-23f">
         <name>.text:free_list_remove</name>
         <load_address>0x5918</load_address>
         <run_address>0x5918</run_address>
         <size>0x1c</size>
         <input_file_ref idref="fl-d3"/>
      </object_component>
      <object_component id="oc-2b4">
         <name>.text:memccpy</name>
         <load_address>0x5934</load_address>
         <run_address>0x5934</run_address>
         <size>0x1c</size>
         <input_file_ref idref="fl-e4"/>
      </object_component>
      <object_component id="oc-27a">
         <name>.text:copysign</name>
         <load_address>0x5950</load_address>
         <run_address>0x5950</run_address>
         <size>0x1a</size>
         <input_file_ref idref="fl-d7"/>
      </object_component>
      <object_component id="oc-203">
         <name>.text:_outs</name>
         <load_address>0x596a</load_address>
         <run_address>0x596a</run_address>
         <size>0x18</size>
         <input_file_ref idref="fl-c7"/>
      </object_component>
      <object_component id="oc-33f">
         <name>.text:strchr</name>
         <load_address>0x5982</load_address>
         <run_address>0x5982</run_address>
         <size>0x16</size>
         <input_file_ref idref="fl-e5"/>
      </object_component>
      <object_component id="oc-f4">
         <name>.text:strlen</name>
         <load_address>0x5998</load_address>
         <run_address>0x5998</run_address>
         <size>0x14</size>
         <input_file_ref idref="fl-d4"/>
      </object_component>
      <object_component id="oc-2ba">
         <name>.text:wcslen</name>
         <load_address>0x59ac</load_address>
         <run_address>0x59ac</run_address>
         <size>0x12</size>
         <input_file_ref idref="fl-e6"/>
      </object_component>
      <object_component id="oc-1d">
         <name>.text:decompress:none:__TI_decompress_none</name>
         <load_address>0x59be</load_address>
         <run_address>0x59be</run_address>
         <size>0xe</size>
         <input_file_ref idref="fl-d1"/>
      </object_component>
      <object_component id="oc-6a">
         <name>.text</name>
         <load_address>0x59cc</load_address>
         <run_address>0x59cc</run_address>
         <size>0xe</size>
         <input_file_ref idref="fl-7"/>
      </object_component>
      <object_component id="oc-209">
         <name>.text:_outc</name>
         <load_address>0x59da</load_address>
         <run_address>0x59da</run_address>
         <size>0xa</size>
         <input_file_ref idref="fl-c7"/>
      </object_component>
      <object_component id="oc-1cf">
         <name>.text:__aeabi_errno_addr</name>
         <load_address>0x59e4</load_address>
         <run_address>0x59e4</run_address>
         <size>0x8</size>
         <input_file_ref idref="fl-d6"/>
      </object_component>
      <object_component id="oc-b9">
         <name>.text:malloc</name>
         <load_address>0x59ec</load_address>
         <run_address>0x59ec</run_address>
         <size>0x8</size>
         <input_file_ref idref="fl-d3"/>
      </object_component>
      <object_component id="oc-9a">
         <name>.text:_system_pre_init</name>
         <load_address>0x59f4</load_address>
         <run_address>0x59f4</run_address>
         <size>0x4</size>
         <input_file_ref idref="fl-dc"/>
      </object_component>
      <object_component id="oc-148">
         <name>.text:abort:abort</name>
         <load_address>0x59f8</load_address>
         <run_address>0x59f8</run_address>
         <size>0x4</size>
         <input_file_ref idref="fl-de"/>
      </object_component>
      <object_component id="oc-308">
         <name>.const:.string:_ctypes_</name>
         <load_address>0x5a00</load_address>
         <run_address>0x5a00</run_address>
         <size>0x101</size>
         <input_file_ref idref="fl-e3"/>
      </object_component>
      <object_component id="oc-1df">
         <name>.const:$O1$$</name>
         <load_address>0x5b08</load_address>
         <run_address>0x5b08</run_address>
         <size>0x30</size>
         <input_file_ref idref="fl-c3"/>
      </object_component>
      <object_component id="oc-3cd">
         <name>.cinit..data.load</name>
         <load_address>0x5b38</load_address>
         <run_address>0x5b38</run_address>
         <size>0x26</size>
      </object_component>
      <object_component id="oc-3cb">
         <name>__TI_handler_table</name>
         <load_address>0x5b60</load_address>
         <run_address>0x5b60</run_address>
         <size>0xc</size>
      </object_component>
      <object_component id="oc-3ce">
         <name>.cinit..bss.load</name>
         <load_address>0x5b70</load_address>
         <run_address>0x5b70</run_address>
         <size>0x8</size>
      </object_component>
      <object_component id="oc-3cc">
         <name>__TI_cinit_table</name>
         <load_address>0x5b78</load_address>
         <run_address>0x5b78</run_address>
         <size>0x10</size>
      </object_component>
      <object_component id="oc-39f">
         <name>.binit</name>
         <load_address>0x0</load_address>
         <run_address>0x0</run_address>
         <size>0x0</size>
      </object_component>
      <object_component id="oc-216">
         <name>.data:keypad_values</name>
         <load_address>0x2000050c</load_address>
         <run_address>0x2000050c</run_address>
         <size>0x10</size>
         <input_file_ref idref="fl-3"/>
      </object_component>
      <object_component id="oc-13f">
         <name>.data</name>
         <load_address>0x20000538</load_address>
         <run_address>0x20000538</run_address>
         <size>0x2</size>
         <input_file_ref idref="fl-4"/>
      </object_component>
      <object_component id="oc-186">
         <name>.data</name>
         <load_address>0x20000530</load_address>
         <run_address>0x20000530</run_address>
         <size>0x4</size>
         <input_file_ref idref="fl-8"/>
      </object_component>
      <object_component id="oc-cb">
         <name>.data</name>
         <load_address>0x20000534</load_address>
         <run_address>0x20000534</run_address>
         <size>0x4</size>
         <input_file_ref idref="fl-9"/>
      </object_component>
      <object_component id="oc-251">
         <name>.data:$O1$$</name>
         <load_address>0x20000524</load_address>
         <run_address>0x20000524</run_address>
         <size>0x8</size>
         <input_file_ref idref="fl-d3"/>
      </object_component>
      <object_component id="oc-26f">
         <name>.data</name>
         <load_address>0x2000052c</load_address>
         <run_address>0x2000052c</run_address>
         <size>0x4</size>
         <input_file_ref idref="fl-d6"/>
      </object_component>
      <object_component id="oc-221">
         <name>.data:$O1$$</name>
         <load_address>0x2000051c</load_address>
         <run_address>0x2000051c</run_address>
         <size>0x8</size>
         <input_file_ref idref="fl-df"/>
      </object_component>
      <object_component id="oc-c6">
         <name>.common:OutBuffer</name>
         <uninitialized>true</uninitialized>
         <run_address>0x200004cc</run_address>
         <size>0x4</size>
      </object_component>
      <object_component id="oc-c8">
         <name>.common:TXLength</name>
         <uninitialized>true</uninitialized>
         <run_address>0x200004ec</run_address>
         <size>0x2</size>
      </object_component>
      <object_component id="oc-c7">
         <name>.common:TXSize</name>
         <uninitialized>true</uninitialized>
         <run_address>0x200004ee</run_address>
         <size>0x2</size>
      </object_component>
      <object_component id="oc-c9">
         <name>.common:TXIndex</name>
         <uninitialized>true</uninitialized>
         <run_address>0x200004ea</run_address>
         <size>0x2</size>
      </object_component>
      <object_component id="oc-bf">
         <name>.common:InBuffer</name>
         <uninitialized>true</uninitialized>
         <run_address>0x200004c8</run_address>
         <size>0x4</size>
      </object_component>
      <object_component id="oc-c5">
         <name>.common:RXLength</name>
         <uninitialized>true</uninitialized>
         <run_address>0x200004e6</run_address>
         <size>0x2</size>
      </object_component>
      <object_component id="oc-c4">
         <name>.common:RXSize</name>
         <uninitialized>true</uninitialized>
         <run_address>0x200004e8</run_address>
         <size>0x2</size>
      </object_component>
      <object_component id="oc-ca">
         <name>.common:RXIndex</name>
         <uninitialized>true</uninitialized>
         <run_address>0x200004e4</run_address>
         <size>0x2</size>
      </object_component>
      <object_component id="oc-f2">
         <name>.common:otp</name>
         <uninitialized>true</uninitialized>
         <run_address>0x200004dc</run_address>
         <size>0x4</size>
      </object_component>
      <object_component id="oc-102">
         <name>.common:sha</name>
         <uninitialized>true</uninitialized>
         <run_address>0x20000400</run_address>
         <size>0x5c</size>
      </object_component>
      <object_component id="oc-f3">
         <name>.common:results</name>
         <uninitialized>true</uninitialized>
         <run_address>0x200004ac</run_address>
         <size>0x14</size>
      </object_component>
      <object_component id="oc-130">
         <name>.common:buf</name>
         <uninitialized>true</uninitialized>
         <run_address>0x200004d0</run_address>
         <size>0x4</size>
      </object_component>
      <object_component id="oc-13d">
         <name>.common:recbuf</name>
         <uninitialized>true</uninitialized>
         <run_address>0x200004e0</run_address>
         <size>0x4</size>
      </object_component>
      <object_component id="oc-101">
         <name>.common:n</name>
         <uninitialized>true</uninitialized>
         <run_address>0x200004d8</run_address>
         <size>0x4</size>
      </object_component>
      <object_component id="oc-11b">
         <name>.common:seconds</name>
         <uninitialized>true</uninitialized>
         <run_address>0x200004fa</run_address>
         <size>0x2</size>
      </object_component>
      <object_component id="oc-11c">
         <name>.common:minutes</name>
         <uninitialized>true</uninitialized>
         <run_address>0x200004f6</run_address>
         <size>0x2</size>
      </object_component>
      <object_component id="oc-11e">
         <name>.common:hour</name>
         <uninitialized>true</uninitialized>
         <run_address>0x200004f4</run_address>
         <size>0x2</size>
      </object_component>
      <object_component id="oc-11d">
         <name>.common:dayofweek</name>
         <uninitialized>true</uninitialized>
         <run_address>0x200004f2</run_address>
         <size>0x2</size>
      </object_component>
      <object_component id="oc-120">
         <name>.common:month</name>
         <uninitialized>true</uninitialized>
         <run_address>0x200004f8</run_address>
         <size>0x2</size>
      </object_component>
      <object_component id="oc-11f">
         <name>.common:day</name>
         <uninitialized>true</uninitialized>
         <run_address>0x200004f0</run_address>
         <size>0x2</size>
      </object_component>
      <object_component id="oc-121">
         <name>.common:year</name>
         <uninitialized>true</uninitialized>
         <run_address>0x200004fc</run_address>
         <size>0x2</size>
      </object_component>
      <object_component id="oc-122">
         <name>.common:secondshigh</name>
         <uninitialized>true</uninitialized>
         <run_address>0x20000506</run_address>
         <size>0x1</size>
      </object_component>
      <object_component id="oc-123">
         <name>.common:secondslow</name>
         <uninitialized>true</uninitialized>
         <run_address>0x20000507</run_address>
         <size>0x1</size>
      </object_component>
      <object_component id="oc-124">
         <name>.common:minhigh</name>
         <uninitialized>true</uninitialized>
         <run_address>0x20000502</run_address>
         <size>0x1</size>
      </object_component>
      <object_component id="oc-125">
         <name>.common:minlow</name>
         <uninitialized>true</uninitialized>
         <run_address>0x20000503</run_address>
         <size>0x1</size>
      </object_component>
      <object_component id="oc-12c">
         <name>.common:yearcenturyhigh</name>
         <uninitialized>true</uninitialized>
         <run_address>0x20000508</run_address>
         <size>0x1</size>
      </object_component>
      <object_component id="oc-12d">
         <name>.common:yearcenturylow</name>
         <uninitialized>true</uninitialized>
         <run_address>0x20000509</run_address>
         <size>0x1</size>
      </object_component>
      <object_component id="oc-12e">
         <name>.common:yeardecade</name>
         <uninitialized>true</uninitialized>
         <run_address>0x2000050a</run_address>
         <size>0x1</size>
      </object_component>
      <object_component id="oc-12f">
         <name>.common:yearlowest</name>
         <uninitialized>true</uninitialized>
         <run_address>0x2000050b</run_address>
         <size>0x1</size>
      </object_component>
      <object_component id="oc-126">
         <name>.common:hourhigh</name>
         <uninitialized>true</uninitialized>
         <run_address>0x20000500</run_address>
         <size>0x1</size>
      </object_component>
      <object_component id="oc-127">
         <name>.common:hourlow</name>
         <uninitialized>true</uninitialized>
         <run_address>0x20000501</run_address>
         <size>0x1</size>
      </object_component>
      <object_component id="oc-128">
         <name>.common:dayhigh</name>
         <uninitialized>true</uninitialized>
         <run_address>0x200004fe</run_address>
         <size>0x1</size>
      </object_component>
      <object_component id="oc-129">
         <name>.common:daylow</name>
         <uninitialized>true</uninitialized>
         <run_address>0x200004ff</run_address>
         <size>0x1</size>
      </object_component>
      <object_component id="oc-12a">
         <name>.common:monthhigh</name>
         <uninitialized>true</uninitialized>
         <run_address>0x20000504</run_address>
         <size>0x1</size>
      </object_component>
      <object_component id="oc-12b">
         <name>.common:monthlow</name>
         <uninitialized>true</uninitialized>
         <run_address>0x20000505</run_address>
         <size>0x1</size>
      </object_component>
      <object_component id="oc-100">
         <name>.common:key</name>
         <uninitialized>true</uninitialized>
         <run_address>0x200004d4</run_address>
         <size>0x4</size>
      </object_component>
      <object_component id="oc-103">
         <name>.common:keyhash</name>
         <uninitialized>true</uninitialized>
         <run_address>0x2000045c</run_address>
         <size>0x50</size>
      </object_component>
      <object_component id="oc-13e">
         <name>.common:request</name>
         <uninitialized>true</uninitialized>
         <run_address>0x200004c0</run_address>
         <size>0x8</size>
      </object_component>
      <object_component id="oc-29">
         <name>.sysmem</name>
         <uninitialized>true</uninitialized>
         <run_address>0x20000000</run_address>
         <size>0x10</size>
         <input_file_ref idref="fl-d3"/>
      </object_component>
      <object_component id="oc-3d1">
         <name>.sysmem</name>
         <uninitialized>true</uninitialized>
         <run_address>0x20000000</run_address>
         <size>0x0</size>
      </object_component>
      <object_component id="oc-2c">
         <name>.stack</name>
         <uninitialized>true</uninitialized>
         <run_address>0x2003fe00</run_address>
         <size>0x4</size>
         <input_file_ref idref="fl-d5"/>
      </object_component>
      <object_component id="oc-3d0">
         <name>.stack</name>
         <uninitialized>true</uninitialized>
         <run_address>0x2003fe00</run_address>
         <size>0x0</size>
      </object_component>
      <object_component id="oc-1ba">
         <name>.debug_info</name>
         <load_address>0x0</load_address>
         <run_address>0x0</run_address>
         <size>0x58c</size>
         <input_file_ref idref="fl-2"/>
      </object_component>
      <object_component id="oc-258">
         <name>.debug_info</name>
         <load_address>0x58c</load_address>
         <run_address>0x58c</run_address>
         <size>0x3c27</size>
         <input_file_ref idref="fl-2"/>
      </object_component>
      <object_component id="oc-d1">
         <name>.debug_info</name>
         <load_address>0x41b3</load_address>
         <run_address>0x41b3</run_address>
         <size>0x26b</size>
         <input_file_ref idref="fl-2"/>
      </object_component>
      <object_component id="oc-19d">
         <name>.debug_info</name>
         <load_address>0x441e</load_address>
         <run_address>0x441e</run_address>
         <size>0x1055</size>
         <input_file_ref idref="fl-2"/>
      </object_component>
      <object_component id="oc-35">
         <name>.debug_info</name>
         <load_address>0x5473</load_address>
         <run_address>0x5473</run_address>
         <size>0x84</size>
         <input_file_ref idref="fl-2"/>
      </object_component>
      <object_component id="oc-1b5">
         <name>.debug_info</name>
         <load_address>0x54f7</load_address>
         <run_address>0x54f7</run_address>
         <size>0x2a4</size>
         <input_file_ref idref="fl-2"/>
      </object_component>
      <object_component id="oc-143">
         <name>.debug_info</name>
         <load_address>0x579b</load_address>
         <run_address>0x579b</run_address>
         <size>0xbb</size>
         <input_file_ref idref="fl-2"/>
      </object_component>
      <object_component id="oc-255">
         <name>.debug_info</name>
         <load_address>0x5856</load_address>
         <run_address>0x5856</run_address>
         <size>0x5b9</size>
         <input_file_ref idref="fl-3"/>
      </object_component>
      <object_component id="oc-217">
         <name>.debug_info</name>
         <load_address>0x5e0f</load_address>
         <run_address>0x5e0f</run_address>
         <size>0x108</size>
         <input_file_ref idref="fl-3"/>
      </object_component>
      <object_component id="oc-132">
         <name>.debug_info</name>
         <load_address>0x5f17</load_address>
         <run_address>0x5f17</run_address>
         <size>0x197</size>
         <input_file_ref idref="fl-3"/>
      </object_component>
      <object_component id="oc-198">
         <name>.debug_info</name>
         <load_address>0x60ae</load_address>
         <run_address>0x60ae</run_address>
         <size>0x3c27</size>
         <input_file_ref idref="fl-3"/>
      </object_component>
      <object_component id="oc-c0">
         <name>.debug_info</name>
         <load_address>0x9cd5</load_address>
         <run_address>0x9cd5</run_address>
         <size>0xd33</size>
         <input_file_ref idref="fl-4"/>
      </object_component>
      <object_component id="oc-140">
         <name>.debug_info</name>
         <load_address>0xaa08</load_address>
         <run_address>0xaa08</run_address>
         <size>0x129</size>
         <input_file_ref idref="fl-4"/>
      </object_component>
      <object_component id="oc-a1">
         <name>.debug_info</name>
         <load_address>0xab31</load_address>
         <run_address>0xab31</run_address>
         <size>0x61c</size>
         <input_file_ref idref="fl-4"/>
      </object_component>
      <object_component id="oc-193">
         <name>.debug_info</name>
         <load_address>0xb14d</load_address>
         <run_address>0xb14d</run_address>
         <size>0x72</size>
         <input_file_ref idref="fl-4"/>
      </object_component>
      <object_component id="oc-1a7">
         <name>.debug_info</name>
         <load_address>0xb1bf</load_address>
         <run_address>0xb1bf</run_address>
         <size>0x82</size>
         <input_file_ref idref="fl-4"/>
      </object_component>
      <object_component id="oc-e9">
         <name>.debug_info</name>
         <load_address>0xb241</load_address>
         <run_address>0xb241</run_address>
         <size>0x2c</size>
         <input_file_ref idref="fl-4"/>
      </object_component>
      <object_component id="oc-1a2">
         <name>.debug_info</name>
         <load_address>0xb26d</load_address>
         <run_address>0xb26d</run_address>
         <size>0x35</size>
         <input_file_ref idref="fl-4"/>
      </object_component>
      <object_component id="oc-138">
         <name>.debug_info</name>
         <load_address>0xb2a2</load_address>
         <run_address>0xb2a2</run_address>
         <size>0x2b9</size>
         <input_file_ref idref="fl-5"/>
      </object_component>
      <object_component id="oc-1be">
         <name>.debug_info</name>
         <load_address>0xb55b</load_address>
         <run_address>0xb55b</run_address>
         <size>0x33b</size>
         <input_file_ref idref="fl-6"/>
      </object_component>
      <object_component id="oc-fb">
         <name>.debug_info</name>
         <load_address>0xb896</load_address>
         <run_address>0xb896</run_address>
         <size>0x59b</size>
         <input_file_ref idref="fl-6"/>
      </object_component>
      <object_component id="oc-261">
         <name>.debug_info</name>
         <load_address>0xbe31</load_address>
         <run_address>0xbe31</run_address>
         <size>0x5e</size>
         <input_file_ref idref="fl-6"/>
      </object_component>
      <object_component id="oc-266">
         <name>.debug_info</name>
         <load_address>0xbe8f</load_address>
         <run_address>0xbe8f</run_address>
         <size>0xcc</size>
         <input_file_ref idref="fl-6"/>
      </object_component>
      <object_component id="oc-211">
         <name>.debug_info</name>
         <load_address>0xbf5b</load_address>
         <run_address>0xbf5b</run_address>
         <size>0x2c</size>
         <input_file_ref idref="fl-6"/>
      </object_component>
      <object_component id="oc-78">
         <name>.debug_info</name>
         <load_address>0xbf87</load_address>
         <run_address>0xbf87</run_address>
         <size>0x2f3</size>
         <input_file_ref idref="fl-7"/>
      </object_component>
      <object_component id="oc-27">
         <name>.debug_info</name>
         <load_address>0xc27a</load_address>
         <run_address>0xc27a</run_address>
         <size>0x11f</size>
         <input_file_ref idref="fl-7"/>
      </object_component>
      <object_component id="oc-6b">
         <name>.debug_info</name>
         <load_address>0xc399</load_address>
         <run_address>0xc399</run_address>
         <size>0x1e6</size>
         <input_file_ref idref="fl-7"/>
      </object_component>
      <object_component id="oc-187">
         <name>.debug_info</name>
         <load_address>0xc57f</load_address>
         <run_address>0xc57f</run_address>
         <size>0x118</size>
         <input_file_ref idref="fl-8"/>
      </object_component>
      <object_component id="oc-b3">
         <name>.debug_info</name>
         <load_address>0xc697</load_address>
         <run_address>0xc697</run_address>
         <size>0x28a</size>
         <input_file_ref idref="fl-8"/>
      </object_component>
      <object_component id="oc-c2">
         <name>.debug_info</name>
         <load_address>0xc921</load_address>
         <run_address>0xc921</run_address>
         <size>0x729</size>
         <input_file_ref idref="fl-9"/>
      </object_component>
      <object_component id="oc-cc">
         <name>.debug_info</name>
         <load_address>0xd04a</load_address>
         <run_address>0xd04a</run_address>
         <size>0x101</size>
         <input_file_ref idref="fl-9"/>
      </object_component>
      <object_component id="oc-73">
         <name>.debug_info</name>
         <load_address>0xd14b</load_address>
         <run_address>0xd14b</run_address>
         <size>0x501</size>
         <input_file_ref idref="fl-9"/>
      </object_component>
      <object_component id="oc-1ae">
         <name>.debug_info</name>
         <load_address>0xd64c</load_address>
         <run_address>0xd64c</run_address>
         <size>0x110</size>
         <input_file_ref idref="fl-9"/>
      </object_component>
      <object_component id="oc-1f8">
         <name>.debug_info</name>
         <load_address>0xd75c</load_address>
         <run_address>0xd75c</run_address>
         <size>0x35e</size>
         <input_file_ref idref="fl-c3"/>
      </object_component>
      <object_component id="oc-1e0">
         <name>.debug_info</name>
         <load_address>0xdaba</load_address>
         <run_address>0xdaba</run_address>
         <size>0x128</size>
         <input_file_ref idref="fl-c3"/>
      </object_component>
      <object_component id="oc-108">
         <name>.debug_info</name>
         <load_address>0xdbe2</load_address>
         <run_address>0xdbe2</run_address>
         <size>0xbf2</size>
         <input_file_ref idref="fl-c3"/>
      </object_component>
      <object_component id="oc-287">
         <name>.debug_info</name>
         <load_address>0xe7d4</load_address>
         <run_address>0xe7d4</run_address>
         <size>0x46</size>
         <input_file_ref idref="fl-c3"/>
      </object_component>
      <object_component id="oc-1f3">
         <name>.debug_info</name>
         <load_address>0xe81a</load_address>
         <run_address>0xe81a</run_address>
         <size>0x39</size>
         <input_file_ref idref="fl-c3"/>
      </object_component>
      <object_component id="oc-26e">
         <name>.debug_info</name>
         <load_address>0xe853</load_address>
         <run_address>0xe853</run_address>
         <size>0x2c5</size>
         <input_file_ref idref="fl-c4"/>
      </object_component>
      <object_component id="oc-1cb">
         <name>.debug_info</name>
         <load_address>0xeb18</load_address>
         <run_address>0xeb18</run_address>
         <size>0x24e</size>
         <input_file_ref idref="fl-c4"/>
      </object_component>
      <object_component id="oc-1fc">
         <name>.debug_info</name>
         <load_address>0xed66</load_address>
         <run_address>0xed66</run_address>
         <size>0x289</size>
         <input_file_ref idref="fl-c5"/>
      </object_component>
      <object_component id="oc-113">
         <name>.debug_info</name>
         <load_address>0xefef</load_address>
         <run_address>0xefef</run_address>
         <size>0x225</size>
         <input_file_ref idref="fl-c5"/>
      </object_component>
      <object_component id="oc-281">
         <name>.debug_info</name>
         <load_address>0xf214</load_address>
         <run_address>0xf214</run_address>
         <size>0x2f8</size>
         <input_file_ref idref="fl-c6"/>
      </object_component>
      <object_component id="oc-1f0">
         <name>.debug_info</name>
         <load_address>0xf50c</load_address>
         <run_address>0xf50c</run_address>
         <size>0x225</size>
         <input_file_ref idref="fl-c6"/>
      </object_component>
      <object_component id="oc-303">
         <name>.debug_info</name>
         <load_address>0xf731</load_address>
         <run_address>0xf731</run_address>
         <size>0x39</size>
         <input_file_ref idref="fl-c6"/>
      </object_component>
      <object_component id="oc-282">
         <name>.debug_info</name>
         <load_address>0xf76a</load_address>
         <run_address>0xf76a</run_address>
         <size>0x2c</size>
         <input_file_ref idref="fl-c6"/>
      </object_component>
      <object_component id="oc-210">
         <name>.debug_info</name>
         <load_address>0xf796</load_address>
         <run_address>0xf796</run_address>
         <size>0x333</size>
         <input_file_ref idref="fl-c7"/>
      </object_component>
      <object_component id="oc-119">
         <name>.debug_info</name>
         <load_address>0xfac9</load_address>
         <run_address>0xfac9</run_address>
         <size>0x1d1</size>
         <input_file_ref idref="fl-c7"/>
      </object_component>
      <object_component id="oc-207">
         <name>.debug_info</name>
         <load_address>0xfc9a</load_address>
         <run_address>0xfc9a</run_address>
         <size>0x18d</size>
         <input_file_ref idref="fl-c7"/>
      </object_component>
      <object_component id="oc-20d">
         <name>.debug_info</name>
         <load_address>0xfe27</load_address>
         <run_address>0xfe27</run_address>
         <size>0x16d</size>
         <input_file_ref idref="fl-c7"/>
      </object_component>
      <object_component id="oc-351">
         <name>.debug_info</name>
         <load_address>0xff94</load_address>
         <run_address>0xff94</run_address>
         <size>0x2c</size>
         <input_file_ref idref="fl-c7"/>
      </object_component>
      <object_component id="oc-1c2">
         <name>.debug_info</name>
         <load_address>0xffc0</load_address>
         <run_address>0xffc0</run_address>
         <size>0x14c</size>
         <input_file_ref idref="fl-c8"/>
      </object_component>
      <object_component id="oc-1e5">
         <name>.debug_info</name>
         <load_address>0x1010c</load_address>
         <run_address>0x1010c</run_address>
         <size>0x128</size>
         <input_file_ref idref="fl-c9"/>
      </object_component>
      <object_component id="oc-1e8">
         <name>.debug_info</name>
         <load_address>0x10234</load_address>
         <run_address>0x10234</run_address>
         <size>0x12a</size>
         <input_file_ref idref="fl-c9"/>
      </object_component>
      <object_component id="oc-1c5">
         <name>.debug_info</name>
         <load_address>0x1035e</load_address>
         <run_address>0x1035e</run_address>
         <size>0x13a</size>
         <input_file_ref idref="fl-ca"/>
      </object_component>
      <object_component id="oc-1d7">
         <name>.debug_info</name>
         <load_address>0x10498</load_address>
         <run_address>0x10498</run_address>
         <size>0x13a</size>
         <input_file_ref idref="fl-cb"/>
      </object_component>
      <object_component id="oc-10b">
         <name>.debug_info</name>
         <load_address>0x105d2</load_address>
         <run_address>0x105d2</run_address>
         <size>0x12c</size>
         <input_file_ref idref="fl-cc"/>
      </object_component>
      <object_component id="oc-1db">
         <name>.debug_info</name>
         <load_address>0x106fe</load_address>
         <run_address>0x106fe</run_address>
         <size>0x12c</size>
         <input_file_ref idref="fl-cd"/>
      </object_component>
      <object_component id="oc-3c">
         <name>.debug_info</name>
         <load_address>0x1082a</load_address>
         <run_address>0x1082a</run_address>
         <size>0x119</size>
         <input_file_ref idref="fl-ce"/>
      </object_component>
      <object_component id="oc-96">
         <name>.debug_info</name>
         <load_address>0x10943</load_address>
         <run_address>0x10943</run_address>
         <size>0x147</size>
         <input_file_ref idref="fl-cf"/>
      </object_component>
      <object_component id="oc-93">
         <name>.debug_info</name>
         <load_address>0x10a8a</load_address>
         <run_address>0x10a8a</run_address>
         <size>0x2d4</size>
         <input_file_ref idref="fl-d0"/>
      </object_component>
      <object_component id="oc-47">
         <name>.debug_info</name>
         <load_address>0x10d5e</load_address>
         <run_address>0x10d5e</run_address>
         <size>0x1d2</size>
         <input_file_ref idref="fl-d0"/>
      </object_component>
      <object_component id="oc-8e">
         <name>.debug_info</name>
         <load_address>0x10f30</load_address>
         <run_address>0x10f30</run_address>
         <size>0x46</size>
         <input_file_ref idref="fl-d0"/>
      </object_component>
      <object_component id="oc-45">
         <name>.debug_info</name>
         <load_address>0x10f76</load_address>
         <run_address>0x10f76</run_address>
         <size>0x2a8</size>
         <input_file_ref idref="fl-d1"/>
      </object_component>
      <object_component id="oc-1e">
         <name>.debug_info</name>
         <load_address>0x1121e</load_address>
         <run_address>0x1121e</run_address>
         <size>0x1ea</size>
         <input_file_ref idref="fl-d1"/>
      </object_component>
      <object_component id="oc-40">
         <name>.debug_info</name>
         <load_address>0x11408</load_address>
         <run_address>0x11408</run_address>
         <size>0x46</size>
         <input_file_ref idref="fl-d1"/>
      </object_component>
      <object_component id="oc-86">
         <name>.debug_info</name>
         <load_address>0x1144e</load_address>
         <run_address>0x1144e</run_address>
         <size>0x2c</size>
         <input_file_ref idref="fl-d1"/>
      </object_component>
      <object_component id="oc-84">
         <name>.debug_info</name>
         <load_address>0x1147a</load_address>
         <run_address>0x1147a</run_address>
         <size>0x29e</size>
         <input_file_ref idref="fl-d2"/>
      </object_component>
      <object_component id="oc-1b">
         <name>.debug_info</name>
         <load_address>0x11718</load_address>
         <run_address>0x11718</run_address>
         <size>0x250</size>
         <input_file_ref idref="fl-d2"/>
      </object_component>
      <object_component id="oc-30">
         <name>.debug_info</name>
         <load_address>0x11968</load_address>
         <run_address>0x11968</run_address>
         <size>0x60</size>
         <input_file_ref idref="fl-d2"/>
      </object_component>
      <object_component id="oc-e2">
         <name>.debug_info</name>
         <load_address>0x119c8</load_address>
         <run_address>0x119c8</run_address>
         <size>0x46</size>
         <input_file_ref idref="fl-d2"/>
      </object_component>
      <object_component id="oc-7f">
         <name>.debug_info</name>
         <load_address>0x11a0e</load_address>
         <run_address>0x11a0e</run_address>
         <size>0x39</size>
         <input_file_ref idref="fl-d2"/>
      </object_component>
      <object_component id="oc-7b">
         <name>.debug_info</name>
         <load_address>0x11a47</load_address>
         <run_address>0x11a47</run_address>
         <size>0x3b2</size>
         <input_file_ref idref="fl-d3"/>
      </object_component>
      <object_component id="oc-2a">
         <name>.debug_info</name>
         <load_address>0x11df9</load_address>
         <run_address>0x11df9</run_address>
         <size>0x10c</size>
         <input_file_ref idref="fl-d3"/>
      </object_component>
      <object_component id="oc-252">
         <name>.debug_info</name>
         <load_address>0x11f05</load_address>
         <run_address>0x11f05</run_address>
         <size>0x13f</size>
         <input_file_ref idref="fl-d3"/>
      </object_component>
      <object_component id="oc-ba">
         <name>.debug_info</name>
         <load_address>0x12044</load_address>
         <run_address>0x12044</run_address>
         <size>0x168</size>
         <input_file_ref idref="fl-d3"/>
      </object_component>
      <object_component id="oc-240">
         <name>.debug_info</name>
         <load_address>0x121ac</load_address>
         <run_address>0x121ac</run_address>
         <size>0x18e</size>
         <input_file_ref idref="fl-d3"/>
      </object_component>
      <object_component id="oc-246">
         <name>.debug_info</name>
         <load_address>0x1233a</load_address>
         <run_address>0x1233a</run_address>
         <size>0x19f</size>
         <input_file_ref idref="fl-d3"/>
      </object_component>
      <object_component id="oc-24e">
         <name>.debug_info</name>
         <load_address>0x124d9</load_address>
         <run_address>0x124d9</run_address>
         <size>0x1db</size>
         <input_file_ref idref="fl-d3"/>
      </object_component>
      <object_component id="oc-18d">
         <name>.debug_info</name>
         <load_address>0x126b4</load_address>
         <run_address>0x126b4</run_address>
         <size>0x299</size>
         <input_file_ref idref="fl-d3"/>
      </object_component>
      <object_component id="oc-dd">
         <name>.debug_info</name>
         <load_address>0x1294d</load_address>
         <run_address>0x1294d</run_address>
         <size>0xb2</size>
         <input_file_ref idref="fl-d3"/>
      </object_component>
      <object_component id="oc-d8">
         <name>.debug_info</name>
         <load_address>0x129ff</load_address>
         <run_address>0x129ff</run_address>
         <size>0x2c</size>
         <input_file_ref idref="fl-d3"/>
      </object_component>
      <object_component id="oc-1bc">
         <name>.debug_info</name>
         <load_address>0x12a2b</load_address>
         <run_address>0x12a2b</run_address>
         <size>0x28f</size>
         <input_file_ref idref="fl-d4"/>
      </object_component>
      <object_component id="oc-f5">
         <name>.debug_info</name>
         <load_address>0x12cba</load_address>
         <run_address>0x12cba</run_address>
         <size>0x245</size>
         <input_file_ref idref="fl-d4"/>
      </object_component>
      <object_component id="oc-2d">
         <name>.debug_info</name>
         <load_address>0x12eff</load_address>
         <run_address>0x12eff</run_address>
         <size>0x10b</size>
         <input_file_ref idref="fl-d5"/>
      </object_component>
      <object_component id="oc-59">
         <name>.debug_info</name>
         <load_address>0x1300a</load_address>
         <run_address>0x1300a</run_address>
         <size>0x1a9</size>
         <input_file_ref idref="fl-d5"/>
      </object_component>
      <object_component id="oc-273">
         <name>.debug_info</name>
         <load_address>0x131b3</load_address>
         <run_address>0x131b3</run_address>
         <size>0x289</size>
         <input_file_ref idref="fl-d6"/>
      </object_component>
      <object_component id="oc-270">
         <name>.debug_info</name>
         <load_address>0x1343c</load_address>
         <run_address>0x1343c</run_address>
         <size>0x10e</size>
         <input_file_ref idref="fl-d6"/>
      </object_component>
      <object_component id="oc-1d1">
         <name>.debug_info</name>
         <load_address>0x1354a</load_address>
         <run_address>0x1354a</run_address>
         <size>0x14e</size>
         <input_file_ref idref="fl-d6"/>
      </object_component>
      <object_component id="oc-27b">
         <name>.debug_info</name>
         <load_address>0x13698</load_address>
         <run_address>0x13698</run_address>
         <size>0x161</size>
         <input_file_ref idref="fl-d7"/>
      </object_component>
      <object_component id="oc-2c1">
         <name>.debug_info</name>
         <load_address>0x137f9</load_address>
         <run_address>0x137f9</run_address>
         <size>0x590</size>
         <input_file_ref idref="fl-d8"/>
      </object_component>
      <object_component id="oc-298">
         <name>.debug_info</name>
         <load_address>0x13d89</load_address>
         <run_address>0x13d89</run_address>
         <size>0x21e</size>
         <input_file_ref idref="fl-d8"/>
      </object_component>
      <object_component id="oc-321">
         <name>.debug_info</name>
         <load_address>0x13fa7</load_address>
         <run_address>0x13fa7</run_address>
         <size>0x1b3</size>
         <input_file_ref idref="fl-d8"/>
      </object_component>
      <object_component id="oc-326">
         <name>.debug_info</name>
         <load_address>0x1415a</load_address>
         <run_address>0x1415a</run_address>
         <size>0x21b</size>
         <input_file_ref idref="fl-d8"/>
      </object_component>
      <object_component id="oc-29e">
         <name>.debug_info</name>
         <load_address>0x14375</load_address>
         <run_address>0x14375</run_address>
         <size>0x3c0</size>
         <input_file_ref idref="fl-d8"/>
      </object_component>
      <object_component id="oc-32d">
         <name>.debug_info</name>
         <load_address>0x14735</load_address>
         <run_address>0x14735</run_address>
         <size>0x30a</size>
         <input_file_ref idref="fl-d8"/>
      </object_component>
      <object_component id="oc-334">
         <name>.debug_info</name>
         <load_address>0x14a3f</load_address>
         <run_address>0x14a3f</run_address>
         <size>0x215</size>
         <input_file_ref idref="fl-d8"/>
      </object_component>
      <object_component id="oc-2a4">
         <name>.debug_info</name>
         <load_address>0x14c54</load_address>
         <run_address>0x14c54</run_address>
         <size>0x215</size>
         <input_file_ref idref="fl-d8"/>
      </object_component>
      <object_component id="oc-2ab">
         <name>.debug_info</name>
         <load_address>0x14e69</load_address>
         <run_address>0x14e69</run_address>
         <size>0x304</size>
         <input_file_ref idref="fl-d8"/>
      </object_component>
      <object_component id="oc-2b1">
         <name>.debug_info</name>
         <load_address>0x1516d</load_address>
         <run_address>0x1516d</run_address>
         <size>0x4b5</size>
         <input_file_ref idref="fl-d8"/>
      </object_component>
      <object_component id="oc-200">
         <name>.debug_info</name>
         <load_address>0x15622</load_address>
         <run_address>0x15622</run_address>
         <size>0x5f4</size>
         <input_file_ref idref="fl-d8"/>
      </object_component>
      <object_component id="oc-2c2">
         <name>.debug_info</name>
         <load_address>0x15c16</load_address>
         <run_address>0x15c16</run_address>
         <size>0x86</size>
         <input_file_ref idref="fl-d8"/>
      </object_component>
      <object_component id="oc-356">
         <name>.debug_info</name>
         <load_address>0x15c9c</load_address>
         <run_address>0x15c9c</run_address>
         <size>0x39</size>
         <input_file_ref idref="fl-d8"/>
      </object_component>
      <object_component id="oc-38e">
         <name>.debug_info</name>
         <load_address>0x15cd5</load_address>
         <run_address>0x15cd5</run_address>
         <size>0xb6</size>
         <input_file_ref idref="fl-d8"/>
      </object_component>
      <object_component id="oc-35b">
         <name>.debug_info</name>
         <load_address>0x15d8b</load_address>
         <run_address>0x15d8b</run_address>
         <size>0x46</size>
         <input_file_ref idref="fl-d8"/>
      </object_component>
      <object_component id="oc-2c7">
         <name>.debug_info</name>
         <load_address>0x15dd1</load_address>
         <run_address>0x15dd1</run_address>
         <size>0x46</size>
         <input_file_ref idref="fl-d8"/>
      </object_component>
      <object_component id="oc-315">
         <name>.debug_info</name>
         <load_address>0x15e17</load_address>
         <run_address>0x15e17</run_address>
         <size>0x12e</size>
         <input_file_ref idref="fl-d9"/>
      </object_component>
      <object_component id="oc-30e">
         <name>.debug_info</name>
         <load_address>0x15f45</load_address>
         <run_address>0x15f45</run_address>
         <size>0x134</size>
         <input_file_ref idref="fl-da"/>
      </object_component>
      <object_component id="oc-228">
         <name>.debug_info</name>
         <load_address>0x16079</load_address>
         <run_address>0x16079</run_address>
         <size>0x4b3</size>
         <input_file_ref idref="fl-db"/>
      </object_component>
      <object_component id="oc-158">
         <name>.debug_info</name>
         <load_address>0x1652c</load_address>
         <run_address>0x1652c</run_address>
         <size>0x1a6</size>
         <input_file_ref idref="fl-db"/>
      </object_component>
      <object_component id="oc-2e2">
         <name>.debug_info</name>
         <load_address>0x166d2</load_address>
         <run_address>0x166d2</run_address>
         <size>0x39</size>
         <input_file_ref idref="fl-db"/>
      </object_component>
      <object_component id="oc-363">
         <name>.debug_info</name>
         <load_address>0x1670b</load_address>
         <run_address>0x1670b</run_address>
         <size>0x39</size>
         <input_file_ref idref="fl-db"/>
      </object_component>
      <object_component id="oc-2e7">
         <name>.debug_info</name>
         <load_address>0x16744</load_address>
         <run_address>0x16744</run_address>
         <size>0x39</size>
         <input_file_ref idref="fl-db"/>
      </object_component>
      <object_component id="oc-2ec">
         <name>.debug_info</name>
         <load_address>0x1677d</load_address>
         <run_address>0x1677d</run_address>
         <size>0xcd</size>
         <input_file_ref idref="fl-db"/>
      </object_component>
      <object_component id="oc-9c">
         <name>.debug_info</name>
         <load_address>0x1684a</load_address>
         <run_address>0x1684a</run_address>
         <size>0x153</size>
         <input_file_ref idref="fl-dc"/>
      </object_component>
      <object_component id="oc-14c">
         <name>.debug_info</name>
         <load_address>0x1699d</load_address>
         <run_address>0x1699d</run_address>
         <size>0x122</size>
         <input_file_ref idref="fl-de"/>
      </object_component>
      <object_component id="oc-2dc">
         <name>.debug_info</name>
         <load_address>0x16abf</load_address>
         <run_address>0x16abf</run_address>
         <size>0x2c9</size>
         <input_file_ref idref="fl-df"/>
      </object_component>
      <object_component id="oc-222">
         <name>.debug_info</name>
         <load_address>0x16d88</load_address>
         <run_address>0x16d88</run_address>
         <size>0x11e</size>
         <input_file_ref idref="fl-df"/>
      </object_component>
      <object_component id="oc-2d5">
         <name>.debug_info</name>
         <load_address>0x16ea6</load_address>
         <run_address>0x16ea6</run_address>
         <size>0x12e</size>
         <input_file_ref idref="fl-df"/>
      </object_component>
      <object_component id="oc-37c">
         <name>.debug_info</name>
         <load_address>0x16fd4</load_address>
         <run_address>0x16fd4</run_address>
         <size>0x29c</size>
         <input_file_ref idref="fl-e0"/>
      </object_component>
      <object_component id="oc-319">
         <name>.debug_info</name>
         <load_address>0x17270</load_address>
         <run_address>0x17270</run_address>
         <size>0x1da</size>
         <input_file_ref idref="fl-e0"/>
      </object_component>
      <object_component id="oc-30c">
         <name>.debug_info</name>
         <load_address>0x1744a</load_address>
         <run_address>0x1744a</run_address>
         <size>0x2b9</size>
         <input_file_ref idref="fl-e2"/>
      </object_component>
      <object_component id="oc-291">
         <name>.debug_info</name>
         <load_address>0x17703</load_address>
         <run_address>0x17703</run_address>
         <size>0x17c</size>
         <input_file_ref idref="fl-e2"/>
      </object_component>
      <object_component id="oc-371">
         <name>.debug_info</name>
         <load_address>0x1787f</load_address>
         <run_address>0x1787f</run_address>
         <size>0xf9</size>
         <input_file_ref idref="fl-e3"/>
      </object_component>
      <object_component id="oc-309">
         <name>.debug_info</name>
         <load_address>0x17978</load_address>
         <run_address>0x17978</run_address>
         <size>0x105</size>
         <input_file_ref idref="fl-e3"/>
      </object_component>
      <object_component id="oc-347">
         <name>.debug_info</name>
         <load_address>0x17a7d</load_address>
         <run_address>0x17a7d</run_address>
         <size>0x2a7</size>
         <input_file_ref idref="fl-e4"/>
      </object_component>
      <object_component id="oc-2b8">
         <name>.debug_info</name>
         <load_address>0x17d24</load_address>
         <run_address>0x17d24</run_address>
         <size>0x1b8</size>
         <input_file_ref idref="fl-e4"/>
      </object_component>
      <object_component id="oc-384">
         <name>.debug_info</name>
         <load_address>0x17edc</load_address>
         <run_address>0x17edc</run_address>
         <size>0x29a</size>
         <input_file_ref idref="fl-e5"/>
      </object_component>
      <object_component id="oc-342">
         <name>.debug_info</name>
         <load_address>0x18176</load_address>
         <run_address>0x18176</run_address>
         <size>0x262</size>
         <input_file_ref idref="fl-e5"/>
      </object_component>
      <object_component id="oc-34e">
         <name>.debug_info</name>
         <load_address>0x183d8</load_address>
         <run_address>0x183d8</run_address>
         <size>0x28f</size>
         <input_file_ref idref="fl-e6"/>
      </object_component>
      <object_component id="oc-2bd">
         <name>.debug_info</name>
         <load_address>0x18667</load_address>
         <run_address>0x18667</run_address>
         <size>0x15a</size>
         <input_file_ref idref="fl-e6"/>
      </object_component>
      <object_component id="oc-387">
         <name>.debug_info</name>
         <load_address>0x187c1</load_address>
         <run_address>0x187c1</run_address>
         <size>0x46</size>
         <input_file_ref idref="fl-e6"/>
      </object_component>
      <object_component id="oc-349">
         <name>.debug_info</name>
         <load_address>0x18807</load_address>
         <run_address>0x18807</run_address>
         <size>0x39</size>
         <input_file_ref idref="fl-e6"/>
      </object_component>
      <object_component id="oc-382">
         <name>.debug_info</name>
         <load_address>0x18840</load_address>
         <run_address>0x18840</run_address>
         <size>0x295</size>
         <input_file_ref idref="fl-e7"/>
      </object_component>
      <object_component id="oc-33a">
         <name>.debug_info</name>
         <load_address>0x18ad5</load_address>
         <run_address>0x18ad5</run_address>
         <size>0x195</size>
         <input_file_ref idref="fl-e7"/>
      </object_component>
      <object_component id="oc-377">
         <name>.debug_info</name>
         <load_address>0x18c6a</load_address>
         <run_address>0x18c6a</run_address>
         <size>0x115</size>
         <input_file_ref idref="fl-e8"/>
      </object_component>
      <object_component id="oc-3d2">
         <name>.debug_info</name>
         <load_address>0x18d7f</load_address>
         <run_address>0x18d7f</run_address>
         <size>0xcb</size>
      </object_component>
      <object_component id="oc-257">
         <name>.debug_line</name>
         <load_address>0x0</load_address>
         <run_address>0x0</run_address>
         <size>0x20</size>
         <input_file_ref idref="fl-2"/>
      </object_component>
      <object_component id="oc-25b">
         <name>.debug_line</name>
         <load_address>0x20</load_address>
         <run_address>0x20</run_address>
         <size>0x58</size>
         <input_file_ref idref="fl-2"/>
      </object_component>
      <object_component id="oc-d4">
         <name>.debug_line</name>
         <load_address>0x78</load_address>
         <run_address>0x78</run_address>
         <size>0x6f</size>
         <input_file_ref idref="fl-2"/>
      </object_component>
      <object_component id="oc-1a0">
         <name>.debug_line</name>
         <load_address>0xe7</load_address>
         <run_address>0xe7</run_address>
         <size>0x5b</size>
         <input_file_ref idref="fl-2"/>
      </object_component>
      <object_component id="oc-38">
         <name>.debug_line</name>
         <load_address>0x142</load_address>
         <run_address>0x142</run_address>
         <size>0x20</size>
         <input_file_ref idref="fl-2"/>
      </object_component>
      <object_component id="oc-1b8">
         <name>.debug_line</name>
         <load_address>0x162</load_address>
         <run_address>0x162</run_address>
         <size>0x73</size>
         <input_file_ref idref="fl-2"/>
      </object_component>
      <object_component id="oc-146">
         <name>.debug_line</name>
         <load_address>0x1d5</load_address>
         <run_address>0x1d5</run_address>
         <size>0x70</size>
         <input_file_ref idref="fl-2"/>
      </object_component>
      <object_component id="oc-2f9">
         <name>.debug_line</name>
         <load_address>0x245</load_address>
         <run_address>0x245</run_address>
         <size>0x20</size>
         <input_file_ref idref="fl-3"/>
      </object_component>
      <object_component id="oc-2d1">
         <name>.debug_line</name>
         <load_address>0x265</load_address>
         <run_address>0x265</run_address>
         <size>0x2f</size>
         <input_file_ref idref="fl-3"/>
      </object_component>
      <object_component id="oc-136">
         <name>.debug_line</name>
         <load_address>0x294</load_address>
         <run_address>0x294</run_address>
         <size>0x8e</size>
         <input_file_ref idref="fl-3"/>
      </object_component>
      <object_component id="oc-19b">
         <name>.debug_line</name>
         <load_address>0x322</load_address>
         <run_address>0x322</run_address>
         <size>0x58</size>
         <input_file_ref idref="fl-3"/>
      </object_component>
      <object_component id="oc-192">
         <name>.debug_line</name>
         <load_address>0x37a</load_address>
         <run_address>0x37a</run_address>
         <size>0xb0</size>
         <input_file_ref idref="fl-4"/>
      </object_component>
      <object_component id="oc-21c">
         <name>.debug_line</name>
         <load_address>0x42a</load_address>
         <run_address>0x42a</run_address>
         <size>0x2d</size>
         <input_file_ref idref="fl-4"/>
      </object_component>
      <object_component id="oc-a5">
         <name>.debug_line</name>
         <load_address>0x457</load_address>
         <run_address>0x457</run_address>
         <size>0x200</size>
         <input_file_ref idref="fl-4"/>
      </object_component>
      <object_component id="oc-196">
         <name>.debug_line</name>
         <load_address>0x657</load_address>
         <run_address>0x657</run_address>
         <size>0x2d</size>
         <input_file_ref idref="fl-4"/>
      </object_component>
      <object_component id="oc-1aa">
         <name>.debug_line</name>
         <load_address>0x684</load_address>
         <run_address>0x684</run_address>
         <size>0x2f</size>
         <input_file_ref idref="fl-4"/>
      </object_component>
      <object_component id="oc-ec">
         <name>.debug_line</name>
         <load_address>0x6b3</load_address>
         <run_address>0x6b3</run_address>
         <size>0x6b</size>
         <input_file_ref idref="fl-4"/>
      </object_component>
      <object_component id="oc-1a5">
         <name>.debug_line</name>
         <load_address>0x71e</load_address>
         <run_address>0x71e</run_address>
         <size>0x74</size>
         <input_file_ref idref="fl-4"/>
      </object_component>
      <object_component id="oc-13b">
         <name>.debug_line</name>
         <load_address>0x792</load_address>
         <run_address>0x792</run_address>
         <size>0xb1</size>
         <input_file_ref idref="fl-5"/>
      </object_component>
      <object_component id="oc-260">
         <name>.debug_line</name>
         <load_address>0x843</load_address>
         <run_address>0x843</run_address>
         <size>0x6b</size>
         <input_file_ref idref="fl-6"/>
      </object_component>
      <object_component id="oc-fe">
         <name>.debug_line</name>
         <load_address>0x8ae</load_address>
         <run_address>0x8ae</run_address>
         <size>0x21f</size>
         <input_file_ref idref="fl-6"/>
      </object_component>
      <object_component id="oc-264">
         <name>.debug_line</name>
         <load_address>0xacd</load_address>
         <run_address>0xacd</run_address>
         <size>0x2d</size>
         <input_file_ref idref="fl-6"/>
      </object_component>
      <object_component id="oc-269">
         <name>.debug_line</name>
         <load_address>0xafa</load_address>
         <run_address>0xafa</run_address>
         <size>0x6a</size>
         <input_file_ref idref="fl-6"/>
      </object_component>
      <object_component id="oc-214">
         <name>.debug_line</name>
[...]
         <value>0x24a3</value>
         <object_component_ref idref="oc-a0"/>
      </symbol>
      <symbol id="sm-138">
         <name>RGBLED_setColor</name>
         <value>0x512b</value>
         <object_component_ref idref="oc-137"/>
      </symbol>
      <symbol id="sm-139">
         <name>RGBLED_toggleBlue</name>
         <value>0x511d</value>
         <object_component_ref idref="oc-137"/>
      </symbol>
      <symbol id="sm-13a">
         <name>RGBLED_toggleRed</name>
         <value>0x5101</value>
         <object_component_ref idref="oc-137"/>
      </symbol>
      <symbol id="sm-13b">
         <name>RGBLED_toggleGreen</name>
         <value>0x510f</value>
         <object_component_ref idref="oc-137"/>
      </symbol>
      <symbol id="sm-13c">
         <name>RGBLED_init</name>
         <value>0x50d5</value>
         <object_component_ref idref="oc-137"/>
      </symbol>
      <symbol id="sm-18f">
         <name>SHA1</name>
         <value>0x180d</value>
         <object_component_ref idref="oc-fa"/>
      </symbol>
      <symbol id="sm-190">
         <name>SHA1Init</name>
         <value>0x164b</value>
         <object_component_ref idref="oc-fa"/>
      </symbol>
      <symbol id="sm-191">
         <name>SHA1Final</name>
         <value>0x1735</value>
         <object_component_ref idref="oc-fa"/>
      </symbol>
      <symbol id="sm-192">
         <name>SHA1Update</name>
         <value>0x1681</value>
         <object_component_ref idref="oc-fa"/>
      </symbol>
      <symbol id="sm-193">
         <name>SHA1Transform</name>
         <value>0xe9</value>
         <object_component_ref idref="oc-fa"/>
      </symbol>
      <symbol id="sm-1a8">
         <name>Reset_Handler</name>
         <value>0x59cd</value>
         <object_component_ref idref="oc-6a"/>
      </symbol>
      <symbol id="sm-1a9">
         <name>Default_Handler</name>
         <value>0x59d9</value>
         <object_component_ref idref="oc-6a"/>
      </symbol>
      <symbol id="sm-1aa">
         <name>interruptVectors</name>
         <value>0x0</value>
         <object_component_ref idref="oc-26"/>
      </symbol>
      <symbol id="sm-1f8">
         <name>SystemInit</name>
         <value>0x3f61</value>
         <object_component_ref idref="oc-b2"/>
      </symbol>
      <symbol id="sm-1f9">
         <name>SystemCoreClockUpdate</name>
         <value>0x3ce9</value>
         <object_component_ref idref="oc-b2"/>
      </symbol>
      <symbol id="sm-1fa">
         <name>SystemCoreClock</name>
         <value>0x20000530</value>
         <object_component_ref idref="oc-186"/>
      </symbol>
      <symbol id="sm-256">
         <name>writeMessage</name>
         <value>0x3a09</value>
         <object_component_ref idref="oc-70"/>
      </symbol>
      <symbol id="sm-257">
         <name>printMessage</name>
         <value>0x3bbb</value>
         <object_component_ref idref="oc-70"/>
      </symbol>
      <symbol id="sm-258">
         <name>EUSCIA2_IRQHandler</name>
         <value>0x3c19</value>
         <object_component_ref idref="oc-70"/>
      </symbol>
      <symbol id="sm-259">
         <name>fillBuffer</name>
         <value>0x3b3f</value>
         <object_component_ref idref="oc-70"/>
      </symbol>
      <symbol id="sm-25a">
         <name>initSerial</name>
         <value>0x392d</value>
         <object_component_ref idref="oc-70"/>
      </symbol>
      <symbol id="sm-25b">
         <name>flushSerial</name>
         <value>0x3ba9</value>
         <object_component_ref idref="oc-70"/>
      </symbol>
      <symbol id="sm-25c">
         <name>getString</name>
         <value>0x3ab7</value>
         <object_component_ref idref="oc-70"/>
      </symbol>
      <symbol id="sm-2f2">
         <name>pow</name>
         <value>0x2f5d</value>
         <object_component_ref idref="oc-104"/>
      </symbol>
      <symbol id="sm-2f3">
         <name>powl</name>
         <value>0x2f5d</value>
         <object_component_ref idref="oc-104"/>
      </symbol>
      <symbol id="sm-315">
         <name>sqrtl</name>
         <value>0x4631</value>
         <object_component_ref idref="oc-1c9"/>
      </symbol>
      <symbol id="sm-316">
         <name>sqrt</name>
         <value>0x4631</value>
         <object_component_ref idref="oc-1c9"/>
      </symbol>
      <symbol id="sm-333">
         <name>ceil</name>
         <value>0x4f29</value>
         <object_component_ref idref="oc-10f"/>
      </symbol>
      <symbol id="sm-334">
         <name>ceill</name>
         <value>0x4f29</value>
         <object_component_ref idref="oc-10f"/>
      </symbol>
      <symbol id="sm-35b">
         <name>scalbn</name>
         <value>0x4b21</value>
         <object_component_ref idref="oc-1ec"/>
      </symbol>
      <symbol id="sm-35c">
         <name>scalbnl</name>
         <value>0x4b21</value>
         <object_component_ref idref="oc-1ec"/>
      </symbol>
      <symbol id="sm-35d">
         <name>ldexpl</name>
         <value>0x4b21</value>
         <object_component_ref idref="oc-1ec"/>
      </symbol>
      <symbol id="sm-35e">
         <name>ldexp</name>
         <value>0x4b21</value>
         <object_component_ref idref="oc-1ec"/>
      </symbol>
      <symbol id="sm-385">
         <name>sprintf</name>
         <value>0x57b9</value>
         <object_component_ref idref="oc-115"/>
      </symbol>
      <symbol id="sm-39c">
         <name>__aeabi_dsub</name>
         <value>0x4479</value>
         <object_component_ref idref="oc-1bf"/>
      </symbol>
      <symbol id="sm-39d">
         <name>__aeabi_dadd</name>
         <value>0x4483</value>
         <object_component_ref idref="oc-1bf"/>
      </symbol>
      <symbol id="sm-3bf">
         <name>__aeabi_cdcmpeq</name>
         <value>0x52b3</value>
         <object_component_ref idref="oc-1e2"/>
      </symbol>
      <symbol id="sm-3c0">
         <name>__aeabi_cdcmple</name>
         <value>0x52b3</value>
         <object_component_ref idref="oc-1e2"/>
      </symbol>
      <symbol id="sm-3c1">
         <name>__aeabi_cdrcmple</name>
         <value>0x5339</value>
         <object_component_ref idref="oc-1e7"/>
      </symbol>
      <symbol id="sm-3d5">
         <name>__aeabi_ddiv</name>
         <value>0x48c5</value>
         <object_component_ref idref="oc-1c4"/>
      </symbol>
      <symbol id="sm-3e0">
         <name>__aeabi_dmul</name>
         <value>0x4e2d</value>
         <object_component_ref idref="oc-1d5"/>
      </symbol>
      <symbol id="sm-3eb">
         <name>__aeabi_f2d</name>
         <value>0x5837</value>
         <object_component_ref idref="oc-10a"/>
      </symbol>
      <symbol id="sm-3f5">
         <name>__aeabi_i2d</name>
         <value>0x58a5</value>
         <object_component_ref idref="oc-1da"/>
      </symbol>
      <symbol id="sm-410">
         <name>memcpy</name>
         <value>0x5181</value>
         <object_component_ref idref="oc-3a"/>
      </symbol>
      <symbol id="sm-411">
         <name>__aeabi_memcpy</name>
         <value>0x5181</value>
         <object_component_ref idref="oc-3a"/>
      </symbol>
      <symbol id="sm-412">
         <name>__aeabi_memcpy8</name>
         <value>0x5181</value>
         <object_component_ref idref="oc-3a"/>
      </symbol>
      <symbol id="sm-413">
         <name>__aeabi_memcpy4</name>
         <value>0x5181</value>
         <object_component_ref idref="oc-3a"/>
      </symbol>
      <symbol id="sm-422">
         <name>__aeabi_memset</name>
         <value>0x53c1</value>
         <object_component_ref idref="oc-94"/>
      </symbol>
      <symbol id="sm-423">
         <name>memset</name>
         <value>0x53c7</value>
         <object_component_ref idref="oc-94"/>
      </symbol>
      <symbol id="sm-424">
         <name>__aeabi_memset8</name>
         <value>0x53c1</value>
         <object_component_ref idref="oc-94"/>
      </symbol>
      <symbol id="sm-425">
         <name>__aeabi_memset4</name>
         <value>0x53c1</value>
         <object_component_ref idref="oc-94"/>
      </symbol>
      <symbol id="sm-426">
         <name>__aeabi_memclr8</name>
         <value>0x53bf</value>
         <object_component_ref idref="oc-94"/>
      </symbol>
      <symbol id="sm-427">
         <name>__aeabi_memclr4</name>
         <value>0x53bf</value>
         <object_component_ref idref="oc-94"/>
      </symbol>
      <symbol id="sm-428">
         <name>__aeabi_memclr</name>
         <value>0x53bf</value>
         <object_component_ref idref="oc-94"/>
      </symbol>
      <symbol id="sm-43c">
         <name>__TI_zero_init_nomemset</name>
         <value>0x58fd</value>
         <object_component_ref idref="oc-46"/>
      </symbol>
      <symbol id="sm-453">
         <name>__TI_decompress_none</name>
         <value>0x59bf</value>
         <object_component_ref idref="oc-1d"/>
      </symbol>
      <symbol id="sm-476">
         <name>__TI_decompress_lzss</name>
         <value>0x5517</value>
         <object_component_ref idref="oc-17"/>
      </symbol>
      <symbol id="sm-4e4">
         <name>_sys_memory</name>
         <value>0x20000000</value>
         <object_component_ref idref="oc-29"/>
      </symbol>
      <symbol id="sm-4e5">
         <name>memalign</name>
         <value>0x4c31</value>
         <object_component_ref idref="oc-18a"/>
      </symbol>
      <symbol id="sm-4e6">
         <name>malloc</name>
         <value>0x59ed</value>
         <object_component_ref idref="oc-b9"/>
      </symbol>
      <symbol id="sm-4e7">
         <name>aligned_alloc</name>
         <value>0x4c31</value>
         <object_component_ref idref="oc-18a"/>
      </symbol>
      <symbol id="sm-4f5">
         <name>strlen</name>
         <value>0x5999</value>
         <object_component_ref idref="oc-f4"/>
      </symbol>
      <symbol id="sm-508">
         <name>__stack</name>
         <value>0x2003fe00</value>
         <object_component_ref idref="oc-2c"/>
      </symbol>
      <symbol id="sm-509">
         <name>_c_int00_noargs</name>
         <value>0x5871</value>
         <object_component_ref idref="oc-58"/>
      </symbol>
      <symbol id="sm-51f">
         <name>__aeabi_errno_addr</name>
         <value>0x59e5</value>
         <object_component_ref idref="oc-1cf"/>
      </symbol>
      <symbol id="sm-520">
         <name>errno</name>
         <value>0x2000052c</value>
         <object_component_ref idref="oc-26f"/>
      </symbol>
      <symbol id="sm-52a">
         <name>copysign</name>
         <value>0x5951</value>
         <object_component_ref idref="oc-27a"/>
      </symbol>
      <symbol id="sm-52b">
         <name>copysignl</name>
         <value>0x5951</value>
         <object_component_ref idref="oc-27a"/>
      </symbol>
      <symbol id="sm-690">
         <name>__TI_printfi</name>
         <value>0x250d</value>
         <object_component_ref idref="oc-1fd"/>
      </symbol>
      <symbol id="sm-69a">
         <name>__aeabi_d2iz</name>
         <value>0x572d</value>
         <object_component_ref idref="oc-313"/>
      </symbol>
      <symbol id="sm-6a7">
         <name>__aeabi_uldivmod</name>
         <value>0x521d</value>
         <object_component_ref idref="oc-30d"/>
      </symbol>
      <symbol id="sm-6cf">
         <name>__TI_auto_init_nobinit_nopinit</name>
         <value>0x5775</value>
         <object_component_ref idref="oc-154"/>
      </symbol>
      <symbol id="sm-6d9">
         <name>_system_pre_init</name>
         <value>0x59f5</value>
         <object_component_ref idref="oc-9a"/>
      </symbol>
      <symbol id="sm-6e5">
         <name>C$$EXIT</name>
         <value>0x59f9</value>
         <object_component_ref idref="oc-148"/>
      </symbol>
      <symbol id="sm-6e6">
         <name>abort</name>
         <value>0x59f9</value>
         <object_component_ref idref="oc-148"/>
      </symbol>
      <symbol id="sm-6fb">
         <name>_nop</name>
         <value>0x2f5b</value>
         <object_component_ref idref="oc-2d4"/>
      </symbol>
      <symbol id="sm-6fc">
         <name>_lock</name>
         <value>0x2000051c</value>
         <object_component_ref idref="oc-221"/>
      </symbol>
      <symbol id="sm-6fd">
         <name>_unlock</name>
         <value>0x20000520</value>
         <object_component_ref idref="oc-221"/>
      </symbol>
      <symbol id="sm-70c">
         <name>__TI_ltoa</name>
         <value>0x563b</value>
         <object_component_ref idref="oc-318"/>
      </symbol>
      <symbol id="sm-723">
         <name>atoi</name>
         <value>0x56e1</value>
         <object_component_ref idref="oc-290"/>
      </symbol>
      <symbol id="sm-72e">
         <name>_ctypes_</name>
         <value>0x5a00</value>
         <object_component_ref idref="oc-308"/>
      </symbol>
      <symbol id="sm-73e">
         <name>memccpy</name>
         <value>0x5935</value>
         <object_component_ref idref="oc-2b4"/>
      </symbol>
      <symbol id="sm-74e">
         <name>strchr</name>
         <value>0x5983</value>
         <object_component_ref idref="oc-33f"/>
      </symbol>
      <symbol id="sm-767">
         <name>wcslen</name>
         <value>0x59ad</value>
         <object_component_ref idref="oc-2ba"/>
      </symbol>
      <symbol id="sm-77d">
         <name>frexpl</name>
         <value>0x5581</value>
         <object_component_ref idref="oc-339"/>
      </symbol>
      <symbol id="sm-77e">
         <name>frexp</name>
         <value>0x5581</value>
         <object_component_ref idref="oc-339"/>
      </symbol>
      <symbol id="sm-788">
         <name>__aeabi_idiv0</name>
         <value>0x462f</value>
         <object_component_ref idref="oc-374"/>
      </symbol>
      <symbol id="sm-789">
         <name>__aeabi_ldiv0</name>
         <value>0x462f</value>
         <object_component_ref idref="oc-374"/>
      </symbol>
      <symbol id="sm-78a">
         <name>__TI_static_base__</name>
         <value>0x0</value>
      </symbol>
      <symbol id="sm-78d">
         <name>__mpu_init</name>
         <value>0x0</value>
      </symbol>
      <symbol id="sm-78e">
         <name>_system_post_cinit</name>
         <value>0x0</value>
      </symbol>
      <symbol id="sm-78f">
         <name>NMI_Handler</name>
         <value>0x59d9</value>
      </symbol>
      <symbol id="sm-790">
         <name>HardFault_Handler</name>
         <value>0x59d9</value>
      </symbol>
      <symbol id="sm-791">
         <name>MemManage_Handler</name>
         <value>0x59d9</value>
      </symbol>
      <symbol id="sm-792">
         <name>BusFault_Handler</name>
         <value>0x59d9</value>
      </symbol>
      <symbol id="sm-793">
         <name>UsageFault_Handler</name>
         <value>0x59d9</value>
      </symbol>
      <symbol id="sm-794">
         <name>SVC_Handler</name>
         <value>0x59d9</value>
      </symbol>
      <symbol id="sm-795">
         <name>DebugMon_Handler</name>
         <value>0x59d9</value>
      </symbol>
      <symbol id="sm-796">
         <name>PendSV_Handler</name>
         <value>0x59d9</value>
      </symbol>
      <symbol id="sm-797">
         <name>SysTick_Handler</name>
         <value>0x59d9</value>
      </symbol>
      <symbol id="sm-798">
         <name>PSS_IRQHandler</name>
         <value>0x59d9</value>
      </symbol>
      <symbol id="sm-799">
         <name>CS_IRQHandler</name>
         <value>0x59d9</value>
      </symbol>
      <symbol id="sm-79a">
         <name>PCM_IRQHandler</name>
         <value>0x59d9</value>
      </symbol>
      <symbol id="sm-79b">
         <name>WDT_A_IRQHandler</name>
         <value>0x59d9</value>
      </symbol>
      <symbol id="sm-79c">
         <name>FPU_IRQHandler</name>
         <value>0x59d9</value>
      </symbol>
      <symbol id="sm-79d">
         <name>FLCTL_A_IRQHandler</name>
         <value>0x59d9</value>
      </symbol>
      <symbol id="sm-79e">
         <name>COMP_E0_IRQHandler</name>
         <value>0x59d9</value>
      </symbol>
      <symbol id="sm-79f">
         <name>COMP_E1_IRQHandler</name>
         <value>0x59d9</value>
      </symbol>
      <symbol id="sm-7a0">
         <name>TA0_0_IRQHandler</name>
         <value>0x59d9</value>
      </symbol>
      <symbol id="sm-7a1">
         <name>TA0_N_IRQHandler</name>
         <value>0x59d9</value>
      </symbol>
      <symbol id="sm-7a2">
         <name>TA1_0_IRQHandler</name>
         <value>0x59d9</value>
      </symbol>
      <symbol id="sm-7a3">
         <name>TA1_N_IRQHandler</name>
         <value>0x59d9</value>
      </symbol>
      <symbol id="sm-7a4">
         <name>TA2_0_IRQHandler</name>
         <value>0x59d9</value>
      </symbol>
      <symbol id="sm-7a5">
         <name>TA2_N_IRQHandler</name>
         <value>0x59d9</value>
      </symbol>
      <symbol id="sm-7a6">
         <name>TA3_0_IRQHandler</name>
         <value>0x59d9</value>
      </symbol>
      <symbol id="sm-7a7">
         <name>TA3_N_IRQHandler</name>
         <value>0x59d9</value>
      </symbol>
      <symbol id="sm-7a8">
         <name>EUSCIA0_IRQHandler</name>
         <value>0x59d9</value>
      </symbol>
      <symbol id="sm-7a9">
         <name>EUSCIA1_IRQHandler</name>
         <value>0x59d9</value>
      </symbol>
      <symbol id="sm-7aa">
         <name>EUSCIA2_IRQHandler</name>
         <value>0x3c19</value>
      </symbol>
      <symbol id="sm-7ab">
         <name>EUSCIA3_IRQHandler</name>
         <value>0x59d9</value>
      </symbol>
      <symbol id="sm-7ac">
         <name>EUSCIB0_IRQHandler</name>
         <value>0x59d9</value>
      </symbol>
      <symbol id="sm-7ad">
         <name>EUSCIB1_IRQHandler</name>
         <value>0x59d9</value>
      </symbol>
      <symbol id="sm-7ae">
         <name>EUSCIB2_IRQHandler</name>
         <value>0x59d9</value>
      </symbol>
      <symbol id="sm-7af">
         <name>EUSCIB3_IRQHandler</name>
         <value>0x59d9</value>
      </symbol>
      <symbol id="sm-7b0">
         <name>ADC14_IRQHandler</name>
         <value>0x59d9</value>
      </symbol>
      <symbol id="sm-7b1">
         <name>T32_INT1_IRQHandler</name>
         <value>0x59d9</value>
      </symbol>
      <symbol id="sm-7b2">
         <name>T32_INT2_IRQHandler</name>
         <value>0x59d9</value>
      </symbol>
      <symbol id="sm-7b3">
         <name>T32_INTC_IRQHandler</name>
         <value>0x59d9</value>
      </symbol>
      <symbol id="sm-7b4">
         <name>AES256_IRQHandler</name>
         <value>0x59d9</value>
      </symbol>
      <symbol id="sm-7b5">
         <name>RTC_C_IRQHandler</name>
         <value>0x59d9</value>
      </symbol>
      <symbol id="sm-7b6">
         <name>DMA_ERR_IRQHandler</name>
         <value>0x59d9</value>
      </symbol>
      <symbol id="sm-7b7">
         <name>DMA_INT3_IRQHandler</name>
         <value>0x59d9</value>
      </symbol>
      <symbol id="sm-7b8">
         <name>DMA_INT2_IRQHandler</name>
         <value>0x59d9</value>
      </symbol>
      <symbol id="sm-7b9">
         <name>DMA_INT1_IRQHandler</name>
         <value>0x59d9</value>
      </symbol>
      <symbol id="sm-7ba">
         <name>DMA_INT0_IRQHandler</name>
         <value>0x59d9</value>
      </symbol>
      <symbol id="sm-7bb">
         <name>PORT1_IRQHandler</name>
         <value>0x59d9</value>
      </symbol>
      <symbol id="sm-7bc">
         <name>PORT2_IRQHandler</name>
         <value>0x59d9</value>
      </symbol>
      <symbol id="sm-7bd">
         <name>PORT3_IRQHandler</name>
         <value>0x59d9</value>
      </symbol>
      <symbol id="sm-7be">
         <name>PORT4_IRQHandler</name>
         <value>0x59d9</value>
      </symbol>
      <symbol id="sm-7bf">
         <name>PORT5_IRQHandler</name>
         <value>0x59d9</value>
      </symbol>
      <symbol id="sm-7c0">
         <name>PORT6_IRQHandler</name>
         <value>0x59d9</value>
      </symbol>
      <symbol id="sm-7c1">
         <name>LCD_F_IRQHandler</name>
         <value>0x59d9</value>
      </symbol>
   </symbol_table>
   <title>Link successful</title>
</link_info>
